---
source: src/field_types/forwarding_status.rs
expression: statuses
---
- Unknown: 0
- Unknown: 1
- Unknown: 2
- Unknown: 3
- Unknown: 4
- Unknown: 5
- Unknown: 6
- Unknown: 7
- Unknown: 8
- Unknown: 9
- Unknown: 10
- Unknown: 11
- Unknown: 12
- Unknown: 13
- Unknown: 14
- Unknown: 15
- Unknown: 16
- Unknown: 17
- Unknown: 18
- Unknown: 19
- Unknown: 20
- Unknown: 21
- Unknown: 22
- Unknown: 23
- Unknown: 24
- Unknown: 25
- Unknown: 26
- Unknown: 27
- Unknown: 28
- Unknown: 29
- Unknown: 30
- Unknown: 31
- Unknown: 32
- Unknown: 33
- Unknown: 34
- Unknown: 35
- Unknown: 36
- Unknown: 37
- Unknown: 38
- Unknown: 39
- Unknown: 40
- Unknown: 41
- Unknown: 42
- Unknown: 43
- Unknown: 44
- Unknown: 45
- Unknown: 46
- Unknown: 47
- Unknown: 48
- Unknown: 49
- Unknown: 50
- Unknown: 51
- Unknown: 52
- Unknown: 53
- Unknown: 54
- Unknown: 55
- Unknown: 56
- Unknown: 57
- Unknown: 58
- Unknown: 59
- Unknown: 60
- Unknown: 61
- Unknown: 62
- Unknown: 63
- Forwarded: 0
- ForwardedFragmented
- ForwardedNotFragmented
- Forwarded: 3
- Forwarded: 4
- Forwarded: 5
- Forwarded: 6
- Forwarded: 7
- Forwarded: 8
- Forwarded: 9
- Forwarded: 10
- Forwarded: 11
- Forwarded: 12
- Forwarded: 13
- Forwarded: 14
- Forwarded: 15
- Forwarded: 16
- Forwarded: 17
- Forwarded: 18
- Forwarded: 19
- Forwarded: 20
- Forwarded: 21
- Forwarded: 22
- Forwarded: 23
- Forwarded: 24
- Forwarded: 25
- Forwarded: 26
- Forwarded: 27
- Forwarded: 28
- Forwarded: 29
- Forwarded: 30
- Forwarded: 31
- Forwarded: 32
- Forwarded: 33
- Forwarded: 34
- Forwarded: 35
- Forwarded: 36
- Forwarded: 37
- Forwarded: 38
- Forwarded: 39
- Forwarded: 40
- Forwarded: 41
- Forwarded: 42
- Forwarded: 43
- Forwarded: 44
- Forwarded: 45
- Forwarded: 46
- Forwarded: 47
- Forwarded: 48
- Forwarded: 49
- Forwarded: 50
- Forwarded: 51
- Forwarded: 52
- Forwarded: 53
- Forwarded: 54
- Forwarded: 55
- Forwarded: 56
- Forwarded: 57
- Forwarded: 58
- Forwarded: 59
- Forwarded: 60
- Forwarded: 61
- Forwarded: 62
- Forwarded: 63
- Dropped: 0
- Dropped: 1
- DroppedAclDeny
- DroppedAclDrop
- DroppedUnroutable
- DroppedAdjacency
- DroppedFragmentationAndDf
- DroppedBadHeaderChecksum
- DroppedBadTotalLength
- DroppedBadHeaderLength
- DroppedBadTtl
- DroppedPolicer
- DroppedWred
- DroppedRpf
- DroppedForUs
- DroppedBadOutputInterface
- DroppedHardware
- Dropped: 17
- Dropped: 18
- Dropped: 19
- Dropped: 20
- Dropped: 21
- Dropped: 22
- Dropped: 23
- Dropped: 24
- Dropped: 25
- Dropped: 26
- Dropped: 27
- Dropped: 28
- Dropped: 29
- Dropped: 30
- Dropped: 31
- Dropped: 32
- Dropped: 33
- Dropped: 34
- Dropped: 35
- Dropped: 36
- Dropped: 37
- Dropped: 38
- Dropped: 39
- Dropped: 40
- Dropped: 41
- Dropped: 42
- Dropped: 43
- Dropped: 44
- Dropped: 45
- Dropped: 46
- Dropped: 47
- Dropped: 48
- Dropped: 49
- Dropped: 50
- Dropped: 51
- Dropped: 52
- Dropped: 53
- Dropped: 54
- Dropped: 55
- Dropped: 56
- Dropped: 57
- Dropped: 58
- Dropped: 59
- Dropped: 60
- Dropped: 61
- Dropped: 62
- Dropped: 63
- Consumed: 0
- ConsumedTerminatedPuntedToControl
- ConsumedTerminatedIncompleteAdjacency
- ConsumedTerminatedForUs
- Consumed: 4
- Consumed: 5
- Consumed: 6
- Consumed: 7
- Consumed: 8
- Consumed: 9
- Consumed: 10
- Consumed: 11
- Consumed: 12
- Consumed: 13
- Consumed: 14
- Consumed: 15
- Consumed: 16
- Consumed: 17
- Consumed: 18
- Consumed: 19
- Consumed: 20
- Consumed: 21
- Consumed: 22
- Consumed: 23
- Consumed: 24
- Consumed: 25
- Consumed: 26
- Consumed: 27
- Consumed: 28
- Consumed: 29
- Consumed: 30
- Consumed: 31
- Consumed: 32
- Consumed: 33
- Consumed: 34
- Consumed: 35
- Consumed: 36
- Consumed: 37
- Consumed: 38
- Consumed: 39
- Consumed: 40
- Consumed: 41
- Consumed: 42
- Consumed: 43
- Consumed: 44
- Consumed: 45
- Consumed: 46
- Consumed: 47
- Consumed: 48
- Consumed: 49
- Consumed: 50
- Consumed: 51
- Consumed: 52
- Consumed: 53
- Consumed: 54
- Consumed: 55
- Consumed: 56
- Consumed: 57
- Consumed: 58
- Consumed: 59
- Consumed: 60
- Consumed: 61
- Consumed: 62
- Consumed: 63
