---
source: src/field_types/fragment_flags.rs
expression: flags
---
- reserved: false
  dont_fragment: false
  more_fragments: false
  other_bits: 0
- reserved: true
  dont_fragment: false
  more_fragments: false
  other_bits: 0
- reserved: false
  dont_fragment: true
  more_fragments: false
  other_bits: 0
- reserved: true
  dont_fragment: true
  more_fragments: false
  other_bits: 0
- reserved: false
  dont_fragment: false
  more_fragments: true
  other_bits: 0
- reserved: true
  dont_fragment: false
  more_fragments: true
  other_bits: 0
- reserved: false
  dont_fragment: true
  more_fragments: true
  other_bits: 0
- reserved: true
  dont_fragment: true
  more_fragments: true
  other_bits: 0
