---
source: src/tests.rs
expression: result
---
- IPFix:
    header:
      version: 10
      length: 132
      export_time: 1530614934
      sequence_number: 6200673
      observation_domain_id: 1024
    flowsets:
      - header:
          header_id: 2
          length: 116
        body:
          Template:
            template_id: 264
            field_count: 22
            fields:
              - field_type_number: 12236
                field_type: CiscoClientIpv4Address
                field_length: 4
                enterprise_number: 9
              - field_type_number: 12237
                field_type: CiscoServerIpv4Address
                field_length: 4
                enterprise_number: 9
              - field_type_number: 4
                field_type: ProtocolIdentifier
                field_length: 1
              - field_type_number: 195
                field_type: IpDiffServCodePoint
                field_length: 1
              - field_type_number: 192
                field_type: IpTtl
                field_length: 1
              - field_type_number: 12241
                field_type: CiscoServerL4Port
                field_length: 2
                enterprise_number: 9
              - field_type_number: 234
                field_type: IngressVrfid
                field_length: 4
              - field_type_number: 95
                field_type: ApplicationId
                field_length: 4
              - field_type_number: 58
                field_type: VlanId
                field_length: 2
              - field_type_number: 10
                field_type: IngressInterface
                field_length: 4
              - field_type_number: 239
                field_type: BiflowDirection
                field_length: 1
              - field_type_number: 9252
                field_type: CiscoServicesWaasSegment
                field_length: 1
                enterprise_number: 9
              - field_type_number: 14
                field_type: EgressInterface
                field_length: 4
              - field_type_number: 9253
                field_type: CiscoServicesWaasPassthroughReason
                field_length: 1
                enterprise_number: 9
              - field_type_number: 22
                field_type: FlowStartSysUpTime
                field_length: 4
              - field_type_number: 21
                field_type: FlowEndSysUpTime
                field_length: 4
              - field_type_number: 278
                field_type: NewConnectionDeltaCount
                field_length: 4
              - field_type_number: 279
                field_type: ConnectionSumDurationSeconds
                field_length: 8
              - field_type_number: 232
                field_type: ResponderOctets
                field_length: 8
              - field_type_number: 299
                field_type: ResponderPackets
                field_length: 8
              - field_type_number: 231
                field_type: InitiatorOctets
                field_length: 8
              - field_type_number: 298
                field_type: InitiatorPackets
                field_length: 8
- IPFix:
    header:
      version: 10
      length: 1396
      export_time: 1530614820
      sequence_number: 6199655
      observation_domain_id: 1024
    flowsets:
      - header:
          header_id: 264
          length: 1380
        body:
          Data:
            fields:
              - 0:
                  - CiscoClientIpv4Address
                  - Ip4Addr: 10.101.255.1
              - 1:
                  - CiscoServerIpv4Address
                  - Ip4Addr: 10.10.28.57
              - 2:
                  - ProtocolIdentifier
                  - ProtocolType: Udp
              - 3:
                  - IpDiffServCodePoint
                  - DataNumber: 0
              - 4:
                  - IpTtl
                  - DataNumber: 255
              - 5:
                  - CiscoServerL4Port
                  - DataNumber: 2055
              - 6:
                  - IngressVrfid
                  - DataNumber: 0
              - 7:
                  - ApplicationId
                  - ApplicationId:
                      classification_engine_id: 13
                      selector_id: 606
              - 8:
                  - VlanId
                  - DataNumber: 0
              - 9:
                  - IngressInterface
                  - DataNumber: 0
              - 10:
                  - BiflowDirection
                  - DataNumber: 1
              - 11:
                  - CiscoServicesWaasSegment
                  - DataNumber: 16
              - 12:
                  - EgressInterface
                  - DataNumber: 20
              - 13:
                  - CiscoServicesWaasPassthroughReason
                  - DataNumber: 0
              - 14:
                  - FlowStartSysUpTime
                  - DataNumber: 4019387228
              - 15:
                  - FlowEndSysUpTime
                  - DataNumber: 4019440532
              - 16:
                  - NewConnectionDeltaCount
                  - DataNumber: 0
              - 17:
                  - ConnectionSumDurationSeconds
                  - DataNumber: 53
              - 18:
                  - ResponderOctets
                  - DataNumber: 0
              - 19:
                  - ResponderPackets
                  - DataNumber: 0
              - 20:
                  - InitiatorOctets
                  - DataNumber: 192505
              - 21:
                  - InitiatorPackets
                  - DataNumber: 155
              - 0:
                  - CiscoClientIpv4Address
                  - Ip4Addr: 172.31.255.1
              - 1:
                  - CiscoServerIpv4Address
                  - Ip4Addr: 172.31.255.1
              - 2:
                  - ProtocolIdentifier
                  - ProtocolType: Udp
              - 3:
                  - IpDiffServCodePoint
                  - DataNumber: 0
              - 4:
                  - IpTtl
                  - DataNumber: 254
              - 5:
                  - CiscoServerL4Port
                  - DataNumber: 3785
              - 6:
                  - IngressVrfid
                  - DataNumber: 0
              - 7:
                  - ApplicationId
                  - ApplicationId:
                      classification_engine_id: 13
                      selector_id: 1
              - 8:
                  - VlanId
                  - DataNumber: 0
              - 9:
                  - IngressInterface
                  - DataNumber: 1
              - 10:
                  - BiflowDirection
                  - DataNumber: 1
              - 11:
                  - CiscoServicesWaasSegment
                  - DataNumber: 16
              - 12:
                  - EgressInterface
                  - DataNumber: 1
              - 13:
                  - CiscoServicesWaasPassthroughReason
                  - DataNumber: 0
              - 14:
                  - FlowStartSysUpTime
                  - DataNumber: 4019387232
              - 15:
                  - FlowEndSysUpTime
                  - DataNumber: 4019446788
              - 16:
                  - NewConnectionDeltaCount
                  - DataNumber: 0
              - 17:
                  - ConnectionSumDurationSeconds
                  - DataNumber: 120
              - 18:
                  - ResponderOctets
                  - DataNumber: 0
              - 19:
                  - ResponderPackets
                  - DataNumber: 0
              - 20:
                  - InitiatorOctets
                  - DataNumber: 2208
              - 21:
                  - InitiatorPackets
                  - DataNumber: 184
              - 0:
                  - CiscoClientIpv4Address
                  - Ip4Addr: 10.208.22.118
              - 1:
                  - CiscoServerIpv4Address
                  - Ip4Addr: 10.101.22.251
              - 2:
                  - ProtocolIdentifier
                  - ProtocolType: Udp
              - 3:
                  - IpDiffServCodePoint
                  - DataNumber: 4
              - 4:
                  - IpTtl
                  - DataNumber: 61
              - 5:
                  - CiscoServerL4Port
                  - DataNumber: 17654
              - 6:
                  - IngressVrfid
                  - DataNumber: 0
              - 7:
                  - ApplicationId
                  - ApplicationId:
                      classification_engine_id: 13
                      selector_id: 1
              - 8:
                  - VlanId
                  - DataNumber: 0
              - 9:
                  - IngressInterface
                  - DataNumber: 1
              - 10:
                  - BiflowDirection
                  - DataNumber: 1
              - 11:
                  - CiscoServicesWaasSegment
                  - DataNumber: 16
              - 12:
                  - EgressInterface
                  - DataNumber: 4
              - 13:
                  - CiscoServicesWaasPassthroughReason
                  - DataNumber: 0
              - 14:
                  - FlowStartSysUpTime
                  - DataNumber: 4019387236
              - 15:
                  - FlowEndSysUpTime
                  - DataNumber: 4019437108
              - 16:
                  - NewConnectionDeltaCount
                  - DataNumber: 0
              - 17:
                  - ConnectionSumDurationSeconds
                  - DataNumber: 59
              - 18:
                  - ResponderOctets
                  - DataNumber: 0
              - 19:
                  - ResponderPackets
                  - DataNumber: 0
              - 20:
                  - InitiatorOctets
                  - DataNumber: 96
              - 21:
                  - InitiatorPackets
                  - DataNumber: 6
              - 0:
                  - CiscoClientIpv4Address
                  - Ip4Addr: 10.0.151.220
              - 1:
                  - CiscoServerIpv4Address
                  - Ip4Addr: 10.101.151.95
              - 2:
                  - ProtocolIdentifier
                  - ProtocolType: Udp
              - 3:
                  - IpDiffServCodePoint
                  - DataNumber: 0
              - 4:
                  - IpTtl
                  - DataNumber: 60
              - 5:
                  - CiscoServerL4Port
                  - DataNumber: 57339
              - 6:
                  - IngressVrfid
                  - DataNumber: 0
              - 7:
                  - ApplicationId
                  - ApplicationId:
                      classification_engine_id: 13
                      selector_id: 1
              - 8:
                  - VlanId
                  - DataNumber: 0
              - 9:
                  - IngressInterface
                  - DataNumber: 1
              - 10:
                  - BiflowDirection
                  - DataNumber: 1
              - 11:
                  - CiscoServicesWaasSegment
                  - DataNumber: 16
              - 12:
                  - EgressInterface
                  - DataNumber: 4
              - 13:
                  - CiscoServicesWaasPassthroughReason
                  - DataNumber: 0
              - 14:
                  - FlowStartSysUpTime
                  - DataNumber: 4019387306
              - 15:
                  - FlowEndSysUpTime
                  - DataNumber: 4019447034
              - 16:
                  - NewConnectionDeltaCount
                  - DataNumber: 0
              - 17:
                  - ConnectionSumDurationSeconds
                  - DataNumber: 59
              - 18:
                  - ResponderOctets
                  - DataNumber: 0
              - 19:
                  - ResponderPackets
                  - DataNumber: 0
              - 20:
                  - InitiatorOctets
                  - DataNumber: 15264
              - 21:
                  - InitiatorPackets
                  - DataNumber: 24
              - 0:
                  - CiscoClientIpv4Address
                  - Ip4Addr: 10.101.22.251
              - 1:
                  - CiscoServerIpv4Address
                  - Ip4Addr: 10.25.22.18
              - 2:
                  - ProtocolIdentifier
                  - ProtocolType: Udp
              - 3:
                  - IpDiffServCodePoint
                  - DataNumber: 0
              - 4:
                  - IpTtl
                  - DataNumber: 126
              - 5:
                  - CiscoServerL4Port
                  - DataNumber: 5001
              - 6:
                  - IngressVrfid
                  - DataNumber: 0
              - 7:
                  - ApplicationId
                  - ApplicationId:
                      classification_engine_id: 13
                      selector_id: 1
              - 8:
                  - VlanId
                  - DataNumber: 0
              - 9:
                  - IngressInterface
                  - DataNumber: 4
              - 10:
                  - BiflowDirection
                  - DataNumber: 1
              - 11:
                  - CiscoServicesWaasSegment
                  - DataNumber: 16
              - 12:
                  - EgressInterface
                  - DataNumber: 20
              - 13:
                  - CiscoServicesWaasPassthroughReason
                  - DataNumber: 0
              - 14:
                  - FlowStartSysUpTime
                  - DataNumber: 4019387310
              - 15:
                  - FlowEndSysUpTime
                  - DataNumber: 4019446976
              - 16:
                  - NewConnectionDeltaCount
                  - DataNumber: 0
              - 17:
                  - ConnectionSumDurationSeconds
                  - DataNumber: 59
              - 18:
                  - ResponderOctets
                  - DataNumber: 0
              - 19:
                  - ResponderPackets
                  - DataNumber: 0
              - 20:
                  - InitiatorOctets
                  - DataNumber: 5872
              - 21:
                  - InitiatorPackets
                  - DataNumber: 367
              - 0:
                  - CiscoClientIpv4Address
                  - Ip4Addr: 224.0.0.5
              - 1:
                  - CiscoServerIpv4Address
                  - Ip4Addr: 172.31.255.1
              - 2:
                  - ProtocolIdentifier
                  - ProtocolType: Ospfigp
              - 3:
                  - IpDiffServCodePoint
                  - DataNumber: 0
              - 4:
                  - IpTtl
                  - DataNumber: 1
              - 5:
                  - CiscoServerL4Port
                  - DataNumber: 0
              - 6:
                  - IngressVrfid
                  - DataNumber: 0
              - 7:
                  - ApplicationId
                  - ApplicationId:
                      classification_engine_id: 1
                      selector_id: 89
              - 8:
                  - VlanId
                  - DataNumber: 0
              - 9:
                  - IngressInterface
                  - DataNumber: 1
              - 10:
                  - BiflowDirection
                  - DataNumber: 2
              - 11:
                  - CiscoServicesWaasSegment
                  - DataNumber: 16
              - 12:
                  - EgressInterface
                  - DataNumber: 0
              - 13:
                  - CiscoServicesWaasPassthroughReason
                  - DataNumber: 0
              - 14:
                  - FlowStartSysUpTime
                  - DataNumber: 4019387360
              - 15:
                  - FlowEndSysUpTime
                  - DataNumber: 4019444662
              - 16:
                  - NewConnectionDeltaCount
                  - DataNumber: 0
              - 17:
                  - ConnectionSumDurationSeconds
                  - DataNumber: 80
              - 18:
                  - ResponderOctets
                  - DataNumber: 0
              - 19:
                  - ResponderPackets
                  - DataNumber: 23
              - 20:
                  - InitiatorOctets
                  - DataNumber: 0
              - 21:
                  - InitiatorPackets
                  - DataNumber: 0
              - 0:
                  - CiscoClientIpv4Address
                  - Ip4Addr: 172.31.254.101
              - 1:
                  - CiscoServerIpv4Address
                  - Ip4Addr: 172.31.254.101
              - 2:
                  - ProtocolIdentifier
                  - ProtocolType: Udp
              - 3:
                  - IpDiffServCodePoint
                  - DataNumber: 48
              - 4:
                  - IpTtl
                  - DataNumber: 255
              - 5:
                  - CiscoServerL4Port
                  - DataNumber: 3785
              - 6:
                  - IngressVrfid
                  - DataNumber: 0
              - 7:
                  - ApplicationId
                  - ApplicationId:
                      classification_engine_id: 13
                      selector_id: 1
              - 8:
                  - VlanId
                  - DataNumber: 0
              - 9:
                  - IngressInterface
                  - DataNumber: 0
              - 10:
                  - BiflowDirection
                  - DataNumber: 1
              - 11:
                  - CiscoServicesWaasSegment
                  - DataNumber: 16
              - 12:
                  - EgressInterface
                  - DataNumber: 1
              - 13:
                  - CiscoServicesWaasPassthroughReason
                  - DataNumber: 0
              - 14:
                  - FlowStartSysUpTime
                  - DataNumber: 4019387474
              - 15:
                  - FlowEndSysUpTime
                  - DataNumber: 4019447040
              - 16:
                  - NewConnectionDeltaCount
                  - DataNumber: 0
              - 17:
                  - ConnectionSumDurationSeconds
                  - DataNumber: 60
              - 18:
                  - ResponderOctets
                  - DataNumber: 0
              - 19:
                  - ResponderPackets
                  - DataNumber: 0
              - 20:
                  - InitiatorOctets
                  - DataNumber: 3816
              - 21:
                  - InitiatorPackets
                  - DataNumber: 318
              - 0:
                  - CiscoClientIpv4Address
                  - Ip4Addr: 224.0.0.5
              - 1:
                  - CiscoServerIpv4Address
                  - Ip4Addr: 172.31.250.252
              - 2:
                  - ProtocolIdentifier
                  - ProtocolType: Ospfigp
              - 3:
                  - IpDiffServCodePoint
                  - DataNumber: 48
              - 4:
                  - IpTtl
                  - DataNumber: 1
              - 5:
                  - CiscoServerL4Port
                  - DataNumber: 0
              - 6:
                  - IngressVrfid
                  - DataNumber: 0
              - 7:
                  - ApplicationId
                  - ApplicationId:
                      classification_engine_id: 1
                      selector_id: 89
              - 8:
                  - VlanId
                  - DataNumber: 290
              - 9:
                  - IngressInterface
                  - DataNumber: 20
              - 10:
                  - BiflowDirection
                  - DataNumber: 2
              - 11:
                  - CiscoServicesWaasSegment
                  - DataNumber: 16
              - 12:
                  - EgressInterface
                  - DataNumber: 0
              - 13:
                  - CiscoServicesWaasPassthroughReason
                  - DataNumber: 0
              - 14:
                  - FlowStartSysUpTime
                  - DataNumber: 4019387484
              - 15:
                  - FlowEndSysUpTime
                  - DataNumber: 4019444636
              - 16:
                  - NewConnectionDeltaCount
                  - DataNumber: 0
              - 17:
                  - ConnectionSumDurationSeconds
                  - DataNumber: 0
              - 18:
                  - ResponderOctets
                  - DataNumber: 0
              - 19:
                  - ResponderPackets
                  - DataNumber: 7
              - 20:
                  - InitiatorOctets
                  - DataNumber: 0
              - 21:
                  - InitiatorPackets
                  - DataNumber: 0
              - 0:
                  - CiscoClientIpv4Address
                  - Ip4Addr: 10.208.22.13
              - 1:
                  - CiscoServerIpv4Address
                  - Ip4Addr: 10.101.22.251
              - 2:
                  - ProtocolIdentifier
                  - ProtocolType: Udp
              - 3:
                  - IpDiffServCodePoint
                  - DataNumber: 4
              - 4:
                  - IpTtl
                  - DataNumber: 61
              - 5:
                  - CiscoServerL4Port
                  - DataNumber: 17654
              - 6:
                  - IngressVrfid
                  - DataNumber: 0
              - 7:
                  - ApplicationId
                  - ApplicationId:
                      classification_engine_id: 13
                      selector_id: 1
              - 8:
                  - VlanId
                  - DataNumber: 0
              - 9:
                  - IngressInterface
                  - DataNumber: 1
              - 10:
                  - BiflowDirection
                  - DataNumber: 1
              - 11:
                  - CiscoServicesWaasSegment
                  - DataNumber: 16
              - 12:
                  - EgressInterface
                  - DataNumber: 4
              - 13:
                  - CiscoServicesWaasPassthroughReason
                  - DataNumber: 0
              - 14:
                  - FlowStartSysUpTime
                  - DataNumber: 4019387486
              - 15:
                  - FlowEndSysUpTime
                  - DataNumber: 4019437338
              - 16:
                  - NewConnectionDeltaCount
                  - DataNumber: 0
              - 17:
                  - ConnectionSumDurationSeconds
                  - DataNumber: 50
              - 18:
                  - ResponderOctets
                  - DataNumber: 0
              - 19:
                  - ResponderPackets
                  - DataNumber: 0
              - 20:
                  - InitiatorOctets
                  - DataNumber: 740
              - 21:
                  - InitiatorPackets
                  - DataNumber: 65
              - 0:
                  - CiscoClientIpv4Address
                  - Ip4Addr: 224.0.0.5
              - 1:
                  - CiscoServerIpv4Address
                  - Ip4Addr: 172.31.254.27
              - 2:
                  - ProtocolIdentifier
                  - ProtocolType: Ospfigp
              - 3:
                  - IpDiffServCodePoint
                  - DataNumber: 48
              - 4:
                  - IpTtl
                  - DataNumber: 1
              - 5:
                  - CiscoServerL4Port
                  - DataNumber: 0
              - 6:
                  - IngressVrfid
                  - DataNumber: 0
              - 7:
                  - ApplicationId
                  - ApplicationId:
                      classification_engine_id: 1
                      selector_id: 89
              - 8:
                  - VlanId
                  - DataNumber: 0
              - 9:
                  - IngressInterface
                  - DataNumber: 1
              - 10:
                  - BiflowDirection
                  - DataNumber: 2
              - 11:
                  - CiscoServicesWaasSegment
                  - DataNumber: 16
              - 12:
                  - EgressInterface
                  - DataNumber: 0
              - 13:
                  - CiscoServicesWaasPassthroughReason
                  - DataNumber: 0
              - 14:
                  - FlowStartSysUpTime
                  - DataNumber: 4019387494
              - 15:
                  - FlowEndSysUpTime
                  - DataNumber: 4019443438
              - 16:
                  - NewConnectionDeltaCount
                  - DataNumber: 0
              - 17:
                  - ConnectionSumDurationSeconds
                  - DataNumber: 0
              - 18:
                  - ResponderOctets
                  - DataNumber: 0
              - 19:
                  - ResponderPackets
                  - DataNumber: 7
              - 20:
                  - InitiatorOctets
                  - DataNumber: 0
              - 21:
                  - InitiatorPackets
                  - DataNumber: 0
              - 0:
                  - CiscoClientIpv4Address
                  - Ip4Addr: 10.100.102.116
              - 1:
                  - CiscoServerIpv4Address
                  - Ip4Addr: 10.205.151.9
              - 2:
                  - ProtocolIdentifier
                  - ProtocolType: Udp
              - 3:
                  - IpDiffServCodePoint
                  - DataNumber: 0
              - 4:
                  - IpTtl
                  - DataNumber: 125
              - 5:
                  - CiscoServerL4Port
                  - DataNumber: 3389
              - 6:
                  - IngressVrfid
                  - DataNumber: 0
              - 7:
                  - ApplicationId
                  - ApplicationId:
                      classification_engine_id: 13
                      selector_id: 1
              - 8:
                  - VlanId
                  - DataNumber: 290
              - 9:
                  - IngressInterface
                  - DataNumber: 20
              - 10:
                  - BiflowDirection
                  - DataNumber: 2
              - 11:
                  - CiscoServicesWaasSegment
                  - DataNumber: 16
              - 12:
                  - EgressInterface
                  - DataNumber: 17
              - 13:
                  - CiscoServicesWaasPassthroughReason
                  - DataNumber: 0
              - 14:
                  - FlowStartSysUpTime
                  - DataNumber: 4019387564
              - 15:
                  - FlowEndSysUpTime
                  - DataNumber: 4019438730
              - 16:
                  - NewConnectionDeltaCount
                  - DataNumber: 0
              - 17:
                  - ConnectionSumDurationSeconds
                  - DataNumber: 239
              - 18:
                  - ResponderOctets
                  - DataNumber: 225
              - 19:
                  - ResponderPackets
                  - DataNumber: 8
              - 20:
                  - InitiatorOctets
                  - DataNumber: 96
              - 21:
                  - InitiatorPackets
                  - DataNumber: 8
              - 0:
                  - CiscoClientIpv4Address
                  - Ip4Addr: 10.208.22.124
              - 1:
                  - CiscoServerIpv4Address
                  - Ip4Addr: 10.101.22.251
              - 2:
                  - ProtocolIdentifier
                  - ProtocolType: Udp
              - 3:
                  - IpDiffServCodePoint
                  - DataNumber: 4
              - 4:
                  - IpTtl
                  - DataNumber: 61
              - 5:
                  - CiscoServerL4Port
                  - DataNumber: 17654
              - 6:
                  - IngressVrfid
                  - DataNumber: 0
              - 7:
                  - ApplicationId
                  - ApplicationId:
                      classification_engine_id: 13
                      selector_id: 1
              - 8:
                  - VlanId
                  - DataNumber: 0
              - 9:
                  - IngressInterface
                  - DataNumber: 1
              - 10:
                  - BiflowDirection
                  - DataNumber: 1
              - 11:
                  - CiscoServicesWaasSegment
                  - DataNumber: 16
              - 12:
                  - EgressInterface
                  - DataNumber: 4
              - 13:
                  - CiscoServicesWaasPassthroughReason
                  - DataNumber: 0
              - 14:
                  - FlowStartSysUpTime
                  - DataNumber: 4019387592
              - 15:
                  - FlowEndSysUpTime
                  - DataNumber: 4019437466
              - 16:
                  - NewConnectionDeltaCount
                  - DataNumber: 0
              - 17:
                  - ConnectionSumDurationSeconds
                  - DataNumber: 59
              - 18:
                  - ResponderOctets
                  - DataNumber: 0
              - 19:
                  - ResponderPackets
                  - DataNumber: 0
              - 20:
                  - InitiatorOctets
                  - DataNumber: 96
              - 21:
                  - InitiatorPackets
                  - DataNumber: 6
              - 0:
                  - CiscoClientIpv4Address
                  - Ip4Addr: 172.31.254.101
              - 1:
                  - CiscoServerIpv4Address
                  - Ip4Addr: 172.31.254.1
              - 2:
                  - ProtocolIdentifier
                  - ProtocolType: Udp
              - 3:
                  - IpDiffServCodePoint
                  - DataNumber: 48
              - 4:
                  - IpTtl
                  - DataNumber: 255
              - 5:
                  - CiscoServerL4Port
                  - DataNumber: 3784
              - 6:
                  - IngressVrfid
                  - DataNumber: 0
              - 7:
                  - ApplicationId
                  - ApplicationId:
                      classification_engine_id: 13
                      selector_id: 1
              - 8:
                  - VlanId
                  - DataNumber: 0
              - 9:
                  - IngressInterface
                  - DataNumber: 0
              - 10:
                  - BiflowDirection
                  - DataNumber: 1
              - 11:
                  - CiscoServicesWaasSegment
                  - DataNumber: 16
              - 12:
                  - EgressInterface
                  - DataNumber: 1
              - 13:
                  - CiscoServicesWaasPassthroughReason
                  - DataNumber: 0
              - 14:
                  - FlowStartSysUpTime
                  - DataNumber: 4019387628
              - 15:
                  - FlowEndSysUpTime
                  - DataNumber: 4019445566
              - 16:
                  - NewConnectionDeltaCount
                  - DataNumber: 0
              - 17:
                  - ConnectionSumDurationSeconds
                  - DataNumber: 60
              - 18:
                  - ResponderOctets
                  - DataNumber: 0
              - 19:
                  - ResponderPackets
                  - DataNumber: 0
              - 20:
                  - InitiatorOctets
                  - DataNumber: 552
              - 21:
                  - InitiatorPackets
                  - DataNumber: 23
              - 0:
                  - CiscoClientIpv4Address
                  - Ip4Addr: 10.1.22.47
              - 1:
                  - CiscoServerIpv4Address
                  - Ip4Addr: 10.101.22.251
              - 2:
                  - ProtocolIdentifier
                  - ProtocolType: Udp
              - 3:
                  - IpDiffServCodePoint
                  - DataNumber: 8
              - 4:
                  - IpTtl
                  - DataNumber: 61
              - 5:
                  - CiscoServerL4Port
                  - DataNumber: 17654
              - 6:
                  - IngressVrfid
                  - DataNumber: 0
              - 7:
                  - ApplicationId
                  - ApplicationId:
                      classification_engine_id: 13
                      selector_id: 1
              - 8:
                  - VlanId
                  - DataNumber: 0
              - 9:
                  - IngressInterface
                  - DataNumber: 1
              - 10:
                  - BiflowDirection
                  - DataNumber: 1
              - 11:
                  - CiscoServicesWaasSegment
                  - DataNumber: 16
              - 12:
                  - EgressInterface
                  - DataNumber: 4
              - 13:
                  - CiscoServicesWaasPassthroughReason
                  - DataNumber: 0
              - 14:
                  - FlowStartSysUpTime
                  - DataNumber: 4019387640
              - 15:
                  - FlowEndSysUpTime
                  - DataNumber: 4019437582
              - 16:
                  - NewConnectionDeltaCount
                  - DataNumber: 0
              - 17:
                  - ConnectionSumDurationSeconds
                  - DataNumber: 50
              - 18:
                  - ResponderOctets
                  - DataNumber: 0
              - 19:
                  - ResponderPackets
                  - DataNumber: 0
              - 20:
                  - InitiatorOctets
                  - DataNumber: 772
              - 21:
                  - InitiatorPackets
                  - DataNumber: 67
              - 0:
                  - CiscoClientIpv4Address
                  - Ip4Addr: 10.101.10.12
              - 1:
                  - CiscoServerIpv4Address
                  - Ip4Addr: 10.0.151.179
              - 2:
                  - ProtocolIdentifier
                  - ProtocolType: Icmp
              - 3:
                  - IpDiffServCodePoint
                  - DataNumber: 0
              - 4:
                  - IpTtl
                  - DataNumber: 60
              - 5:
                  - CiscoServerL4Port
                  - DataNumber: 0
              - 6:
                  - IngressVrfid
                  - DataNumber: 0
              - 7:
                  - ApplicationId
                  - ApplicationId:
                      classification_engine_id: 13
                      selector_id: 479
              - 8:
                  - VlanId
                  - DataNumber: 0
              - 9:
                  - IngressInterface
                  - DataNumber: 1
              - 10:
                  - BiflowDirection
                  - DataNumber: 2
              - 11:
                  - CiscoServicesWaasSegment
                  - DataNumber: 16
              - 12:
                  - EgressInterface
                  - DataNumber: 4
              - 13:
                  - CiscoServicesWaasPassthroughReason
                  - DataNumber: 0
              - 14:
                  - FlowStartSysUpTime
                  - DataNumber: 4019387662
              - 15:
                  - FlowEndSysUpTime
                  - DataNumber: 4019446322
              - 16:
                  - NewConnectionDeltaCount
                  - DataNumber: 0
              - 17:
                  - ConnectionSumDurationSeconds
                  - DataNumber: 0
              - 18:
                  - ResponderOctets
                  - DataNumber: 0
              - 19:
                  - ResponderPackets
                  - DataNumber: 19
              - 20:
                  - InitiatorOctets
                  - DataNumber: 0
              - 21:
                  - InitiatorPackets
                  - DataNumber: 0
              - 0:
                  - CiscoClientIpv4Address
                  - Ip4Addr: 172.31.255.1
              - 1:
                  - CiscoServerIpv4Address
                  - Ip4Addr: 172.31.254.101
              - 2:
                  - ProtocolIdentifier
                  - ProtocolType: Udp
              - 3:
                  - IpDiffServCodePoint
                  - DataNumber: 0
              - 4:
                  - IpTtl
                  - DataNumber: 255
              - 5:
                  - CiscoServerL4Port
                  - DataNumber: 3784
              - 6:
                  - IngressVrfid
                  - DataNumber: 0
              - 7:
                  - ApplicationId
                  - ApplicationId:
                      classification_engine_id: 13
                      selector_id: 1
              - 8:
                  - VlanId
                  - DataNumber: 0
              - 9:
                  - IngressInterface
                  - DataNumber: 1
              - 10:
                  - BiflowDirection
                  - DataNumber: 1
              - 11:
                  - CiscoServicesWaasSegment
                  - DataNumber: 16
              - 12:
                  - EgressInterface
                  - DataNumber: 0
              - 13:
                  - CiscoServicesWaasPassthroughReason
                  - DataNumber: 0
              - 14:
                  - FlowStartSysUpTime
                  - DataNumber: 4019387700
              - 15:
                  - FlowEndSysUpTime
                  - DataNumber: 4019446700
              - 16:
                  - NewConnectionDeltaCount
                  - DataNumber: 0
              - 17:
                  - ConnectionSumDurationSeconds
                  - DataNumber: 59
              - 18:
                  - ResponderOctets
                  - DataNumber: 0
              - 19:
                  - ResponderPackets
                  - DataNumber: 0
              - 20:
                  - InitiatorOctets
                  - DataNumber: 1632
              - 21:
                  - InitiatorPackets
                  - DataNumber: 68
