---
source: src/tests.rs
expression: v9
---
- V9:
    header:
      version: 9
      count: 1
      sys_up_time: 0
      unix_secs: 0
      sequence_number: 0
      source_id: 1
    flowsets:
      - header:
          flowset_id: 1
          length: 20
        body:
          OptionsTemplate:
            templates:
              - template_id: 256
                options_scope_length: 4
                options_length: 4
                scope_fields:
                  - field_type_number: 1
                    field_type: System
                    field_length: 4
                option_fields:
                  - field_type_number: 41
                    field_type: TotalPktsExp
                    field_length: 2
