---
source: src/tests.rs
expression: "NetflowParser::default().parse_bytes(&packet)"
---
- V9:
    header:
      version: 9
      count: 38
      sys_up_time: 3488214596
      unix_secs: 1263497914
      sequence_number: 21418958
      source_id: 0
    flowsets:
      - header:
          flowset_id: 0
          length: 92
        body:
          Template:
            templates:
              - template_id: 256
                field_count: 21
                fields:
                  - field_type_number: 21
                    field_type: LastSwitched
                    field_length: 4
                  - field_type_number: 22
                    field_type: FirstSwitched
                    field_length: 4
                  - field_type_number: 1
                    field_type: InBytes
                    field_length: 4
                  - field_type_number: 2
                    field_type: InPkts
                    field_length: 4
                  - field_type_number: 10
                    field_type: InputSnmp
                    field_length: 2
                  - field_type_number: 14
                    field_type: OutputSnmp
                    field_length: 2
                  - field_type_number: 8
                    field_type: Ipv4SrcAddr
                    field_length: 4
                  - field_type_number: 12
                    field_type: Ipv4DstAddr
                    field_length: 4
                  - field_type_number: 4
                    field_type: Protocol
                    field_length: 1
                  - field_type_number: 5
                    field_type: SrcTos
                    field_length: 1
                  - field_type_number: 7
                    field_type: L4SrcPort
                    field_length: 2
                  - field_type_number: 11
                    field_type: L4DstPort
                    field_length: 2
                  - field_type_number: 48
                    field_type: FlowSamplerId
                    field_length: 1
                  - field_type_number: 51
                    field_type: Vendor
                    field_length: 1
                  - field_type_number: 15
                    field_type: Ipv4NextHop
                    field_length: 4
                  - field_type_number: 13
                    field_type: DstMask
                    field_length: 1
                  - field_type_number: 9
                    field_type: SrcMask
                    field_length: 1
                  - field_type_number: 6
                    field_type: TcpFlags
                    field_length: 1
                  - field_type_number: 61
                    field_type: Direction
                    field_length: 1
                  - field_type_number: 17
                    field_type: DstAs
                    field_length: 2
                  - field_type_number: 16
                    field_type: SrcAs
                    field_length: 2
      - header:
          flowset_id: 0
          length: 84
        body:
          Template:
            templates:
              - template_id: 258
                field_count: 19
                fields:
                  - field_type_number: 21
                    field_type: LastSwitched
                    field_length: 4
                  - field_type_number: 22
                    field_type: FirstSwitched
                    field_length: 4
                  - field_type_number: 1
                    field_type: InBytes
                    field_length: 4
                  - field_type_number: 2
                    field_type: InPkts
                    field_length: 4
                  - field_type_number: 10
                    field_type: InputSnmp
                    field_length: 2
                  - field_type_number: 14
                    field_type: OutputSnmp
                    field_length: 2
                  - field_type_number: 8
                    field_type: Ipv4SrcAddr
                    field_length: 4
                  - field_type_number: 12
                    field_type: Ipv4DstAddr
                    field_length: 4
                  - field_type_number: 4
                    field_type: Protocol
                    field_length: 1
                  - field_type_number: 5
                    field_type: SrcTos
                    field_length: 1
                  - field_type_number: 7
                    field_type: L4SrcPort
                    field_length: 2
                  - field_type_number: 11
                    field_type: L4DstPort
                    field_length: 2
                  - field_type_number: 48
                    field_type: FlowSamplerId
                    field_length: 1
                  - field_type_number: 51
                    field_type: Vendor
                    field_length: 1
                  - field_type_number: 15
                    field_type: Ipv4NextHop
                    field_length: 4
                  - field_type_number: 13
                    field_type: DstMask
                    field_length: 1
                  - field_type_number: 9
                    field_type: SrcMask
                    field_length: 1
                  - field_type_number: 6
                    field_type: TcpFlags
                    field_length: 1
                  - field_type_number: 61
                    field_type: Direction
                    field_length: 1
      - header:
          flowset_id: 1
          length: 44
        body:
          OptionsTemplate:
            templates:
              - template_id: 257
                options_scope_length: 20
                options_length: 12
                scope_fields:
                  - field_type_number: 1
                    field_type: System
                    field_length: 4
                  - field_type_number: 2
                    field_type: Interface
                    field_length: 4
                  - field_type_number: 3
                    field_type: LineCard
                    field_length: 4
                  - field_type_number: 4
                    field_type: NetflowCache
                    field_length: 4
                  - field_type_number: 5
                    field_type: Template
                    field_length: 4
                option_fields:
                  - field_type_number: 42
                    field_type: TotalFlowsExp
                    field_length: 4
                  - field_type_number: 41
                    field_type: TotalPktsExp
                    field_length: 4
                  - field_type_number: 34
                    field_type: SamplingInterval
                    field_length: 4
      - header:
          flowset_id: 256
          length: 484
        body:
          Data:
            fields:
              - - - LastSwitched
                  - Duration:
                      secs: 3488219
                      nanos: 376000000
                - - FirstSwitched
                  - Duration:
                      secs: 3488219
                      nanos: 284000000
                - - InBytes
                  - DataNumber: 2003
                - - InPkts
                  - DataNumber: 22469
                - - InputSnmp
                  - DataNumber: 4
                - - OutputSnmp
                  - DataNumber: 2
                - - Ipv4SrcAddr
                  - Ip4Addr: 10.0.0.87
                - - Ipv4DstAddr
                  - Ip4Addr: 12.0.0.103
                - - Protocol
                  - ProtocolType: Tcp
                - - SrcTos
                  - DataNumber: 160
                - - L4SrcPort
                  - DataNumber: 3768
                - - L4DstPort
                  - DataNumber: 4793
                - - FlowSamplerId
                  - DataNumber: 0
                - - Vendor
                  - Vec:
                      - 54
                - - Ipv4NextHop
                  - Ip4Addr: 10.0.0.36
                - - DstMask
                  - DataNumber: 28
                - - SrcMask
                  - DataNumber: 5
                - - TcpFlags
                  - DataNumber: 22
                - - Direction
                  - DataNumber: 0
                - - DstAs
                  - DataNumber: 192
                - - SrcAs
                  - DataNumber: 23
              - - - LastSwitched
                  - Duration:
                      secs: 3488219
                      nanos: 376000000
                - - FirstSwitched
                  - Duration:
                      secs: 3488219
                      nanos: 284000000
                - - InBytes
                  - DataNumber: 2003
                - - InPkts
                  - DataNumber: 11511
                - - InputSnmp
                  - DataNumber: 4
                - - OutputSnmp
                  - DataNumber: 2
                - - Ipv4SrcAddr
                  - Ip4Addr: 10.0.0.42
                - - Ipv4DstAddr
                  - Ip4Addr: 12.0.0.190
                - - Protocol
                  - ProtocolType: Udp
                - - SrcTos
                  - DataNumber: 192
                - - L4SrcPort
                  - DataNumber: 52628
                - - L4DstPort
                  - DataNumber: 20901
                - - FlowSamplerId
                  - DataNumber: 0
                - - Vendor
                  - Vec:
                      - 242
                - - Ipv4NextHop
                  - Ip4Addr: 10.0.0.9
                - - DstMask
                  - DataNumber: 7
                - - SrcMask
                  - DataNumber: 9
                - - TcpFlags
                  - DataNumber: 17
                - - Direction
                  - DataNumber: 0
                - - DstAs
                  - DataNumber: 94
                - - SrcAs
                  - DataNumber: 119
              - - - LastSwitched
                  - Duration:
                      secs: 3488219
                      nanos: 376000000
                - - FirstSwitched
                  - Duration:
                      secs: 3488219
                      nanos: 284000000
                - - InBytes
                  - DataNumber: 2003
                - - InPkts
                  - DataNumber: 50221
                - - InputSnmp
                  - DataNumber: 4
                - - OutputSnmp
                  - DataNumber: 2
                - - Ipv4SrcAddr
                  - Ip4Addr: 10.0.0.98
                - - Ipv4DstAddr
                  - Ip4Addr: 12.0.0.10
                - - Protocol
                  - ProtocolType: Icmp
                - - SrcTos
                  - DataNumber: 0
                - - L4SrcPort
                  - DataNumber: 28924
                - - L4DstPort
                  - DataNumber: 37242
                - - FlowSamplerId
                  - DataNumber: 0
                - - Vendor
                  - Vec:
                      - 183
                - - Ipv4NextHop
                  - Ip4Addr: 10.0.0.85
                - - DstMask
                  - DataNumber: 12
                - - SrcMask
                  - DataNumber: 22
                - - TcpFlags
                  - DataNumber: 17
                - - Direction
                  - DataNumber: 0
                - - DstAs
                  - DataNumber: 69
                - - SrcAs
                  - DataNumber: 182
              - - - LastSwitched
                  - Duration:
                      secs: 3488219
                      nanos: 376000000
                - - FirstSwitched
                  - Duration:
                      secs: 3488219
                      nanos: 284000000
                - - InBytes
                  - DataNumber: 2003
                - - InPkts
                  - DataNumber: 17000
                - - InputSnmp
                  - DataNumber: 4
                - - OutputSnmp
                  - DataNumber: 2
                - - Ipv4SrcAddr
                  - Ip4Addr: 10.0.0.29
                - - Ipv4DstAddr
                  - Ip4Addr: 12.0.0.217
                - - Protocol
                  - ProtocolType: Tcp
                - - SrcTos
                  - DataNumber: 16
                - - L4SrcPort
                  - DataNumber: 54019
                - - L4DstPort
                  - DataNumber: 31892
                - - FlowSamplerId
                  - DataNumber: 0
                - - Vendor
                  - Vec:
                      - 135
                - - Ipv4NextHop
                  - Ip4Addr: 10.0.0.54
                - - DstMask
                  - DataNumber: 18
                - - SrcMask
                  - DataNumber: 20
                - - TcpFlags
                  - DataNumber: 24
                - - Direction
                  - DataNumber: 0
                - - DstAs
                  - DataNumber: 3
                - - SrcAs
                  - DataNumber: 3
              - - - LastSwitched
                  - Duration:
                      secs: 3488219
                      nanos: 376000000
                - - FirstSwitched
                  - Duration:
                      secs: 3488219
                      nanos: 284000000
                - - InBytes
                  - DataNumber: 2003
                - - InPkts
                  - DataNumber: 3836
                - - InputSnmp
                  - DataNumber: 4
                - - OutputSnmp
                  - DataNumber: 2
                - - Ipv4SrcAddr
                  - Ip4Addr: 10.0.0.9
                - - Ipv4DstAddr
                  - Ip4Addr: 12.0.0.62
                - - Protocol
                  - ProtocolType: Icmp
                - - SrcTos
                  - DataNumber: 160
                - - L4SrcPort
                  - DataNumber: 24247
                - - L4DstPort
                  - DataNumber: 57095
                - - FlowSamplerId
                  - DataNumber: 0
                - - Vendor
                  - Vec:
                      - 35
                - - Ipv4NextHop
                  - Ip4Addr: 10.0.0.40
                - - DstMask
                  - DataNumber: 21
                - - SrcMask
                  - DataNumber: 29
                - - TcpFlags
                  - DataNumber: 4
                - - Direction
                  - DataNumber: 0
                - - DstAs
                  - DataNumber: 46
                - - SrcAs
                  - DataNumber: 62
              - - - LastSwitched
                  - Duration:
                      secs: 3488219
                      nanos: 376000000
                - - FirstSwitched
                  - Duration:
                      secs: 3488219
                      nanos: 284000000
                - - InBytes
                  - DataNumber: 2003
                - - InPkts
                  - DataNumber: 62314
                - - InputSnmp
                  - DataNumber: 4
                - - OutputSnmp
                  - DataNumber: 2
                - - Ipv4SrcAddr
                  - Ip4Addr: 10.0.0.46
                - - Ipv4DstAddr
                  - Ip4Addr: 12.0.0.149
                - - Protocol
                  - ProtocolType: Udp
                - - SrcTos
                  - DataNumber: 160
                - - L4SrcPort
                  - DataNumber: 17989
                - - L4DstPort
                  - DataNumber: 51448
                - - FlowSamplerId
                  - DataNumber: 0
                - - Vendor
                  - Vec:
                      - 95
                - - Ipv4NextHop
                  - Ip4Addr: 10.0.0.89
                - - DstMask
                  - DataNumber: 4
                - - SrcMask
                  - DataNumber: 12
                - - TcpFlags
                  - DataNumber: 27
                - - Direction
                  - DataNumber: 0
                - - DstAs
                  - DataNumber: 193
                - - SrcAs
                  - DataNumber: 20
              - - - LastSwitched
                  - Duration:
                      secs: 3488219
                      nanos: 376000000
                - - FirstSwitched
                  - Duration:
                      secs: 3488219
                      nanos: 284000000
                - - InBytes
                  - DataNumber: 2003
                - - InPkts
                  - DataNumber: 14336
                - - InputSnmp
                  - DataNumber: 4
                - - OutputSnmp
                  - DataNumber: 2
                - - Ipv4SrcAddr
                  - Ip4Addr: 10.0.0.45
                - - Ipv4DstAddr
                  - Ip4Addr: 12.0.0.145
                - - Protocol
                  - ProtocolType: Udp
                - - SrcTos
                  - DataNumber: 160
                - - L4SrcPort
                  - DataNumber: 31952
                - - L4DstPort
                  - DataNumber: 34224
                - - FlowSamplerId
                  - DataNumber: 0
                - - Vendor
                  - Vec:
                      - 139
                - - Ipv4NextHop
                  - Ip4Addr: 10.0.0.62
                - - DstMask
                  - DataNumber: 19
                - - SrcMask
                  - DataNumber: 28
                - - TcpFlags
                  - DataNumber: 16
                - - Direction
                  - DataNumber: 0
                - - DstAs
                  - DataNumber: 70
                - - SrcAs
                  - DataNumber: 184
              - - - LastSwitched
                  - Duration:
                      secs: 3488219
                      nanos: 376000000
                - - FirstSwitched
                  - Duration:
                      secs: 3488219
                      nanos: 284000000
                - - InBytes
                  - DataNumber: 2003
                - - InPkts
                  - DataNumber: 18757
                - - InputSnmp
                  - DataNumber: 4
                - - OutputSnmp
                  - DataNumber: 2
                - - Ipv4SrcAddr
                  - Ip4Addr: 10.0.0.27
                - - Ipv4DstAddr
                  - Ip4Addr: 12.0.0.196
                - - Protocol
                  - ProtocolType: Icmp
                - - SrcTos
                  - DataNumber: 160
                - - L4SrcPort
                  - DataNumber: 30703
                - - L4DstPort
                  - DataNumber: 35045
                - - FlowSamplerId
                  - DataNumber: 0
                - - Vendor
                  - Vec:
                      - 154
                - - Ipv4NextHop
                  - Ip4Addr: 10.0.0.69
                - - DstMask
                  - DataNumber: 29
                - - SrcMask
                  - DataNumber: 2
                - - TcpFlags
                  - DataNumber: 16
                - - Direction
                  - DataNumber: 0
                - - DstAs
                  - DataNumber: 62
                - - SrcAs
                  - DataNumber: 163
              - - - LastSwitched
                  - Duration:
                      secs: 3488219
                      nanos: 376000000
                - - FirstSwitched
                  - Duration:
                      secs: 3488219
                      nanos: 284000000
                - - InBytes
                  - DataNumber: 2003
                - - InPkts
                  - DataNumber: 33913
                - - InputSnmp
                  - DataNumber: 4
                - - OutputSnmp
                  - DataNumber: 2
                - - Ipv4SrcAddr
                  - Ip4Addr: 10.0.0.58
                - - Ipv4DstAddr
                  - Ip4Addr: 12.0.0.183
                - - Protocol
                  - ProtocolType: Udp
                - - SrcTos
                  - DataNumber: 192
                - - L4SrcPort
                  - DataNumber: 47159
                - - L4DstPort
                  - DataNumber: 51444
                - - FlowSamplerId
                  - DataNumber: 0
                - - Vendor
                  - Vec:
                      - 95
                - - Ipv4NextHop
                  - Ip4Addr: 10.0.0.89
                - - DstMask
                  - DataNumber: 4
                - - SrcMask
                  - DataNumber: 12
                - - TcpFlags
                  - DataNumber: 27
                - - Direction
                  - DataNumber: 0
                - - DstAs
                  - DataNumber: 194
                - - SrcAs
                  - DataNumber: 6
              - - - LastSwitched
                  - Duration:
                      secs: 3488219
                      nanos: 376000000
                - - FirstSwitched
                  - Duration:
                      secs: 3488219
                      nanos: 284000000
                - - InBytes
                  - DataNumber: 2003
                - - InPkts
                  - DataNumber: 7454
                - - InputSnmp
                  - DataNumber: 4
                - - OutputSnmp
                  - DataNumber: 2
                - - Ipv4SrcAddr
                  - Ip4Addr: 10.0.0.17
                - - Ipv4DstAddr
                  - Ip4Addr: 12.0.0.122
                - - Protocol
                  - ProtocolType: Tcp
                - - SrcTos
                  - DataNumber: 16
                - - L4SrcPort
                  - DataNumber: 45231
                - - L4DstPort
                  - DataNumber: 54318
                - - FlowSamplerId
                  - DataNumber: 0
                - - Vendor
                  - Vec:
                      - 122
                - - Ipv4NextHop
                  - Ip4Addr: 10.0.0.56
                - - DstMask
                  - DataNumber: 17
                - - SrcMask
                  - DataNumber: 21
                - - TcpFlags
                  - DataNumber: 17
                - - Direction
                  - DataNumber: 0
                - - DstAs
                  - DataNumber: 76
                - - SrcAs
                  - DataNumber: 127
      - header:
          flowset_id: 256
          length: 484
        body:
          Data:
            fields:
              - - - LastSwitched
                  - Duration:
                      secs: 3488219
                      nanos: 376000000
                - - FirstSwitched
                  - Duration:
                      secs: 3488219
                      nanos: 284000000
                - - InBytes
                  - DataNumber: 2003
                - - InPkts
                  - DataNumber: 68548
                - - InputSnmp
                  - DataNumber: 4
                - - OutputSnmp
                  - DataNumber: 2
                - - Ipv4SrcAddr
                  - Ip4Addr: 10.0.0.17
                - - Ipv4DstAddr
                  - Ip4Addr: 12.0.0.126
                - - Protocol
                  - ProtocolType: Tcp
                - - SrcTos
                  - DataNumber: 16
                - - L4SrcPort
                  - DataNumber: 35973
                - - L4DstPort
                  - DataNumber: 38493
                - - FlowSamplerId
                  - DataNumber: 0
                - - Vendor
                  - Vec:
                      - 184
                - - Ipv4NextHop
                  - Ip4Addr: 10.0.0.79
                - - DstMask
                  - DataNumber: 10
                - - SrcMask
                  - DataNumber: 28
                - - TcpFlags
                  - DataNumber: 16
                - - Direction
                  - DataNumber: 0
                - - DstAs
                  - DataNumber: 66
                - - SrcAs
                  - DataNumber: 198
              - - - LastSwitched
                  - Duration:
                      secs: 3488219
                      nanos: 376000000
                - - FirstSwitched
                  - Duration:
                      secs: 3488219
                      nanos: 284000000
                - - InBytes
                  - DataNumber: 2003
                - - InPkts
                  - DataNumber: 2470
                - - InputSnmp
                  - DataNumber: 4
                - - OutputSnmp
                  - DataNumber: 2
                - - Ipv4SrcAddr
                  - Ip4Addr: 10.0.0.4
                - - Ipv4DstAddr
                  - Ip4Addr: 12.0.0.25
                - - Protocol
                  - ProtocolType: Icmp
                - - SrcTos
                  - DataNumber: 192
                - - L4SrcPort
                  - DataNumber: 36432
                - - L4DstPort
                  - DataNumber: 37072
                - - FlowSamplerId
                  - DataNumber: 0
                - - Vendor
                  - Vec:
                      - 178
                - - Ipv4NextHop
                  - Ip4Addr: 10.0.0.84
                - - DstMask
                  - DataNumber: 14
                - - SrcMask
                  - DataNumber: 17
                - - TcpFlags
                  - DataNumber: 2
                - - Direction
                  - DataNumber: 0
                - - DstAs
                  - DataNumber: 142
                - - SrcAs
                  - DataNumber: 175
              - - - LastSwitched
                  - Duration:
                      secs: 3488219
                      nanos: 376000000
                - - FirstSwitched
                  - Duration:
                      secs: 3488219
                      nanos: 284000000
                - - InBytes
                  - DataNumber: 2003
                - - InPkts
                  - DataNumber: 29252
                - - InputSnmp
                  - DataNumber: 4
                - - OutputSnmp
                  - DataNumber: 2
                - - Ipv4SrcAddr
                  - Ip4Addr: 10.0.0.64
                - - Ipv4DstAddr
                  - Ip4Addr: 12.0.0.229
                - - Protocol
                  - ProtocolType: Icmp
                - - SrcTos
                  - DataNumber: 192
                - - L4SrcPort
                  - DataNumber: 33344
                - - L4DstPort
                  - DataNumber: 33832
                - - FlowSamplerId
                  - DataNumber: 0
                - - Vendor
                  - Vec:
                      - 143
                - - Ipv4NextHop
                  - Ip4Addr: 10.0.0.57
                - - DstMask
                  - DataNumber: 21
                - - SrcMask
                  - DataNumber: 26
                - - TcpFlags
                  - DataNumber: 26
                - - Direction
                  - DataNumber: 0
                - - DstAs
                  - DataNumber: 107
                - - SrcAs
                  - DataNumber: 120
              - - - LastSwitched
                  - Duration:
                      secs: 3488219
                      nanos: 376000000
                - - FirstSwitched
                  - Duration:
                      secs: 3488219
                      nanos: 284000000
                - - InBytes
                  - DataNumber: 2003
                - - InPkts
                  - DataNumber: 50925
                - - InputSnmp
                  - DataNumber: 4
                - - OutputSnmp
                  - DataNumber: 2
                - - Ipv4SrcAddr
                  - Ip4Addr: 10.0.0.100
                - - Ipv4DstAddr
                  - Ip4Addr: 12.0.0.2
                - - Protocol
                  - ProtocolType: Icmp
                - - SrcTos
                  - DataNumber: 0
                - - L4SrcPort
                  - DataNumber: 2362
                - - L4DstPort
                  - DataNumber: 6644
                - - FlowSamplerId
                  - DataNumber: 0
                - - Vendor
                  - Vec:
                      - 42
                - - Ipv4NextHop
                  - Ip4Addr: 10.0.0.50
                - - DstMask
                  - DataNumber: 15
                - - SrcMask
                  - DataNumber: 15
                - - TcpFlags
                  - DataNumber: 2
                - - Direction
                  - DataNumber: 0
                - - DstAs
                  - DataNumber: 102
                - - SrcAs
                  - DataNumber: 106
              - - - LastSwitched
                  - Duration:
                      secs: 3488219
                      nanos: 376000000
                - - FirstSwitched
                  - Duration:
                      secs: 3488219
                      nanos: 284000000
                - - InBytes
                  - DataNumber: 2003
                - - InPkts
                  - DataNumber: 41046
                - - InputSnmp
                  - DataNumber: 4
                - - OutputSnmp
                  - DataNumber: 2
                - - Ipv4SrcAddr
                  - Ip4Addr: 10.0.0.61
                - - Ipv4DstAddr
                  - Ip4Addr: 12.0.0.175
                - - Protocol
                  - ProtocolType: Udp
                - - SrcTos
                  - DataNumber: 0
                - - L4SrcPort
                  - DataNumber: 12773
                - - L4DstPort
                  - DataNumber: 21100
                - - FlowSamplerId
                  - DataNumber: 0
                - - Vendor
                  - Vec:
                      - 247
                - - Ipv4NextHop
                  - Ip4Addr: 10.0.0.11
                - - DstMask
                  - DataNumber: 5
                - - SrcMask
                  - DataNumber: 15
                - - TcpFlags
                  - DataNumber: 2
                - - Direction
                  - DataNumber: 0
                - - DstAs
                  - DataNumber: 103
                - - SrcAs
                  - DataNumber: 110
              - - - LastSwitched
                  - Duration:
                      secs: 3488219
                      nanos: 376000000
                - - FirstSwitched
                  - Duration:
                      secs: 3488219
                      nanos: 284000000
                - - InBytes
                  - DataNumber: 2003
                - - InPkts
                  - DataNumber: 44693
                - - InputSnmp
                  - DataNumber: 4
                - - OutputSnmp
                  - DataNumber: 2
                - - Ipv4SrcAddr
                  - Ip4Addr: 10.0.0.75
                - - Ipv4DstAddr
                  - Ip4Addr: 12.0.0.193
                - - Protocol
                  - ProtocolType: Icmp
                - - SrcTos
                  - DataNumber: 160
                - - L4SrcPort
                  - DataNumber: 23774
                - - L4DstPort
                  - DataNumber: 58643
                - - FlowSamplerId
                  - DataNumber: 0
                - - Vendor
                  - Vec:
                      - 41
                - - Ipv4NextHop
                  - Ip4Addr: 10.0.0.48
                - - DstMask
                  - DataNumber: 17
                - - SrcMask
                  - DataNumber: 17
                - - TcpFlags
                  - DataNumber: 27
                - - Direction
                  - DataNumber: 0
                - - DstAs
                  - DataNumber: 172
                - - SrcAs
                  - DataNumber: 85
              - - - LastSwitched
                  - Duration:
                      secs: 3488219
                      nanos: 376000000
                - - FirstSwitched
                  - Duration:
                      secs: 3488219
                      nanos: 284000000
                - - InBytes
                  - DataNumber: 2003
                - - InPkts
                  - DataNumber: 54633
                - - InputSnmp
                  - DataNumber: 4
                - - OutputSnmp
                  - DataNumber: 2
                - - Ipv4SrcAddr
                  - Ip4Addr: 10.0.0.86
                - - Ipv4DstAddr
                  - Ip4Addr: 12.0.0.106
                - - Protocol
                  - ProtocolType: Udp
                - - SrcTos
                  - DataNumber: 160
                - - L4SrcPort
                  - DataNumber: 17988
                - - L4DstPort
                  - DataNumber: 51476
                - - FlowSamplerId
                  - DataNumber: 0
                - - Vendor
                  - Vec:
                      - 95
                - - Ipv4NextHop
                  - Ip4Addr: 10.0.0.88
                - - DstMask
                  - DataNumber: 4
                - - SrcMask
                  - DataNumber: 12
                - - TcpFlags
                  - DataNumber: 27
                - - Direction
                  - DataNumber: 0
                - - DstAs
                  - DataNumber: 190
                - - SrcAs
                  - DataNumber: 17
              - - - LastSwitched
                  - Duration:
                      secs: 3488219
                      nanos: 376000000
                - - FirstSwitched
                  - Duration:
                      secs: 3488219
                      nanos: 284000000
                - - InBytes
                  - DataNumber: 2003
                - - InPkts
                  - DataNumber: 17657
                - - InputSnmp
                  - DataNumber: 4
                - - OutputSnmp
                  - DataNumber: 2
                - - Ipv4SrcAddr
                  - Ip4Addr: 10.0.0.31
                - - Ipv4DstAddr
                  - Ip4Addr: 12.0.0.208
                - - Protocol
                  - ProtocolType: Tcp
                - - SrcTos
                  - DataNumber: 16
                - - L4SrcPort
                  - DataNumber: 47983
                - - L4DstPort
                  - DataNumber: 49960
                - - FlowSamplerId
                  - DataNumber: 0
                - - Vendor
                  - Vec:
                      - 79
                - - Ipv4NextHop
                  - Ip4Addr: 10.0.0.82
                - - DstMask
                  - DataNumber: 13
                - - SrcMask
                  - DataNumber: 18
                - - TcpFlags
                  - DataNumber: 27
                - - Direction
                  - DataNumber: 0
                - - DstAs
                  - DataNumber: 152
                - - SrcAs
                  - DataNumber: 51
              - - - LastSwitched
                  - Duration:
                      secs: 3488219
                      nanos: 376000000
                - - FirstSwitched
                  - Duration:
                      secs: 3488219
                      nanos: 284000000
                - - InBytes
                  - DataNumber: 2003
                - - InPkts
                  - DataNumber: 59060
                - - InputSnmp
                  - DataNumber: 4
                - - OutputSnmp
                  - DataNumber: 2
                - - Ipv4SrcAddr
                  - Ip4Addr: 10.0.0.30
                - - Ipv4DstAddr
                  - Ip4Addr: 12.0.0.222
                - - Protocol
                  - ProtocolType: Tcp
                - - SrcTos
                  - DataNumber: 16
                - - L4SrcPort
                  - DataNumber: 60658
                - - L4DstPort
                  - DataNumber: 12666
                - - FlowSamplerId
                  - DataNumber: 0
                - - Vendor
                  - Vec:
                      - 83
                - - Ipv4NextHop
                  - Ip4Addr: 10.0.0.96
                - - DstMask
                  - DataNumber: 3
                - - SrcMask
                  - DataNumber: 4
                - - TcpFlags
                  - DataNumber: 26
                - - Direction
                  - DataNumber: 0
                - - DstAs
                  - DataNumber: 146
                - - SrcAs
                  - DataNumber: 161
              - - - LastSwitched
                  - Duration:
                      secs: 3488219
                      nanos: 376000000
                - - FirstSwitched
                  - Duration:
                      secs: 3488219
                      nanos: 284000000
                - - InBytes
                  - DataNumber: 2003
                - - InPkts
                  - DataNumber: 26110
                - - InputSnmp
                  - DataNumber: 4
                - - OutputSnmp
                  - DataNumber: 2
                - - Ipv4SrcAddr
                  - Ip4Addr: 10.0.0.98
                - - Ipv4DstAddr
                  - Ip4Addr: 12.0.0.11
                - - Protocol
                  - ProtocolType: Icmp
                - - SrcTos
                  - DataNumber: 0
                - - L4SrcPort
                  - DataNumber: 26239
                - - L4DstPort
                  - DataNumber: 43420
                - - FlowSamplerId
                  - DataNumber: 0
                - - Vendor
                  - Vec:
                      - 253
                - - Ipv4NextHop
                  - Ip4Addr: 10.0.0.3
                - - DstMask
                  - DataNumber: 1
                - - SrcMask
                  - DataNumber: 3
                - - TcpFlags
                  - DataNumber: 16
                - - Direction
                  - DataNumber: 0
                - - DstAs
                  - DataNumber: 90
                - - SrcAs
                  - DataNumber: 116
      - header:
          flowset_id: 256
          length: 484
        body:
          Data:
            fields:
              - - - LastSwitched
                  - Duration:
                      secs: 3488219
                      nanos: 376000000
                - - FirstSwitched
                  - Duration:
                      secs: 3488219
                      nanos: 284000000
                - - InBytes
                  - DataNumber: 2003
                - - InPkts
                  - DataNumber: 56498
                - - InputSnmp
                  - DataNumber: 4
                - - OutputSnmp
                  - DataNumber: 2
                - - Ipv4SrcAddr
                  - Ip4Addr: 10.0.0.78
                - - Ipv4DstAddr
                  - Ip4Addr: 12.0.0.76
                - - Protocol
                  - ProtocolType: Udp
                - - SrcTos
                  - DataNumber: 192
                - - L4SrcPort
                  - DataNumber: 44126
                - - L4DstPort
                  - DataNumber: 62559
                - - FlowSamplerId
                  - DataNumber: 0
                - - Vendor
                  - Vec:
                      - 27
                - - Ipv4NextHop
                  - Ip4Addr: 10.0.0.18
                - - DstMask
                  - DataNumber: 14
                - - SrcMask
                  - DataNumber: 18
                - - TcpFlags
                  - DataNumber: 27
                - - Direction
                  - DataNumber: 0
                - - DstAs
                  - DataNumber: 194
                - - SrcAs
                  - DataNumber: 19
              - - - LastSwitched
                  - Duration:
                      secs: 3488219
                      nanos: 376000000
                - - FirstSwitched
                  - Duration:
                      secs: 3488219
                      nanos: 284000000
                - - InBytes
                  - DataNumber: 2003
                - - InPkts
                  - DataNumber: 13191
                - - InputSnmp
                  - DataNumber: 4
                - - OutputSnmp
                  - DataNumber: 2
                - - Ipv4SrcAddr
                  - Ip4Addr: 10.0.0.49
                - - Ipv4DstAddr
                  - Ip4Addr: 12.0.0.132
                - - Protocol
                  - ProtocolType: Tcp
                - - SrcTos
                  - DataNumber: 16
                - - L4SrcPort
                  - DataNumber: 48550
                - - L4DstPort
                  - DataNumber: 49043
                - - FlowSamplerId
                  - DataNumber: 0
                - - Vendor
                  - Vec:
                      - 67
                - - Ipv4NextHop
                  - Ip4Addr: 10.0.0.77
                - - DstMask
                  - DataNumber: 9
                - - SrcMask
                  - DataNumber: 25
                - - TcpFlags
                  - DataNumber: 26
                - - Direction
                  - DataNumber: 0
                - - DstAs
                  - DataNumber: 104
                - - SrcAs
                  - DataNumber: 112
              - - - LastSwitched
                  - Duration:
                      secs: 3488219
                      nanos: 376000000
                - - FirstSwitched
                  - Duration:
                      secs: 3488219
                      nanos: 284000000
                - - InBytes
                  - DataNumber: 2003
                - - InPkts
                  - DataNumber: 43491
                - - InputSnmp
                  - DataNumber: 4
                - - OutputSnmp
                  - DataNumber: 2
                - - Ipv4SrcAddr
                  - Ip4Addr: 10.0.0.70
                - - Ipv4DstAddr
                  - Ip4Addr: 12.0.0.214
                - - Protocol
                  - ProtocolType: Tcp
                - - SrcTos
                  - DataNumber: 16
                - - L4SrcPort
                  - DataNumber: 37816
                - - L4DstPort
                  - DataNumber: 48033
                - - FlowSamplerId
                  - DataNumber: 0
                - - Vendor
                  - Vec:
                      - 199
                - - Ipv4NextHop
                  - Ip4Addr: 10.0.0.29
                - - DstMask
                  - DataNumber: 26
                - - SrcMask
                  - DataNumber: 12
                - - TcpFlags
                  - DataNumber: 27
                - - Direction
                  - DataNumber: 0
                - - DstAs
                  - DataNumber: 157
                - - SrcAs
                  - DataNumber: 71
              - - - LastSwitched
                  - Duration:
                      secs: 3488219
                      nanos: 376000000
                - - FirstSwitched
                  - Duration:
                      secs: 3488219
                      nanos: 284000000
                - - InBytes
                  - DataNumber: 2003
                - - InPkts
                  - DataNumber: 70685
                - - InputSnmp
                  - DataNumber: 4
                - - OutputSnmp
                  - DataNumber: 2
                - - Ipv4SrcAddr
                  - Ip4Addr: 10.0.0.22
                - - Ipv4DstAddr
                  - Ip4Addr: 12.0.0.88
                - - Protocol
                  - ProtocolType: Udp
                - - SrcTos
                  - DataNumber: 0
                - - L4SrcPort
                  - DataNumber: 18684
                - - L4DstPort
                  - DataNumber: 55554
                - - FlowSamplerId
                  - DataNumber: 0
                - - Vendor
                  - Vec:
                      - 109
                - - Ipv4NextHop
                  - Ip4Addr: 10.0.0.72
                - - DstMask
                  - DataNumber: 26
                - - SrcMask
                  - DataNumber: 12
                - - TcpFlags
                  - DataNumber: 27
                - - Direction
                  - DataNumber: 0
                - - DstAs
                  - DataNumber: 161
                - - SrcAs
                  - DataNumber: 69
              - - - LastSwitched
                  - Duration:
                      secs: 3488219
                      nanos: 376000000
                - - FirstSwitched
                  - Duration:
                      secs: 3488219
                      nanos: 284000000
                - - InBytes
                  - DataNumber: 2003
                - - InPkts
                  - DataNumber: 73882
                - - InputSnmp
                  - DataNumber: 4
                - - OutputSnmp
                  - DataNumber: 2
                - - Ipv4SrcAddr
                  - Ip4Addr: 10.0.0.4
                - - Ipv4DstAddr
                  - Ip4Addr: 12.0.0.25
                - - Protocol
                  - ProtocolType: Icmp
                - - SrcTos
                  - DataNumber: 192
                - - L4SrcPort
                  - DataNumber: 35379
                - - L4DstPort
                  - DataNumber: 39960
                - - FlowSamplerId
                  - DataNumber: 0
                - - Vendor
                  - Vec:
                      - 167
                - - Ipv4NextHop
                  - Ip4Addr: 10.0.0.91
                - - DstMask
                  - DataNumber: 6
                - - SrcMask
                  - DataNumber: 9
                - - TcpFlags
                  - DataNumber: 17
                - - Direction
                  - DataNumber: 0
                - - DstAs
                  - DataNumber: 78
                - - SrcAs
                  - DataNumber: 136
              - - - LastSwitched
                  - Duration:
                      secs: 3488219
                      nanos: 376000000
                - - FirstSwitched
                  - Duration:
                      secs: 3488219
                      nanos: 284000000
                - - InBytes
                  - DataNumber: 2003
                - - InPkts
                  - DataNumber: 73548
                - - InputSnmp
                  - DataNumber: 4
                - - OutputSnmp
                  - DataNumber: 2
                - - Ipv4SrcAddr
                  - Ip4Addr: 10.0.0.11
                - - Ipv4DstAddr
                  - Ip4Addr: 12.0.0.45
                - - Protocol
                  - ProtocolType: Tcp
                - - SrcTos
                  - DataNumber: 16
                - - L4SrcPort
                  - DataNumber: 43210
                - - L4DstPort
                  - DataNumber: 64423
                - - FlowSamplerId
                  - DataNumber: 0
                - - Vendor
                  - Vec:
                      - 2
                - - Ipv4NextHop
                  - Ip4Addr: 10.0.0.3
                - - DstMask
                  - DataNumber: 1
                - - SrcMask
                  - DataNumber: 3
                - - TcpFlags
                  - DataNumber: 16
                - - Direction
                  - DataNumber: 0
                - - DstAs
                  - DataNumber: 82
                - - SrcAs
                  - DataNumber: 147
              - - - LastSwitched
                  - Duration:
                      secs: 3488219
                      nanos: 376000000
                - - FirstSwitched
                  - Duration:
                      secs: 3488219
                      nanos: 284000000
                - - InBytes
                  - DataNumber: 2003
                - - InPkts
                  - DataNumber: 61275
                - - InputSnmp
                  - DataNumber: 4
                - - OutputSnmp
                  - DataNumber: 2
                - - Ipv4SrcAddr
                  - Ip4Addr: 10.0.0.34
                - - Ipv4DstAddr
                  - Ip4Addr: 12.0.0.250
                - - Protocol
                  - ProtocolType: Icmp
                - - SrcTos
                  - DataNumber: 0
                - - L4SrcPort
                  - DataNumber: 15333
                - - L4DstPort
                  - DataNumber: 19513
                - - FlowSamplerId
                  - DataNumber: 0
                - - Vendor
                  - Vec:
                      - 212
                - - Ipv4NextHop
                  - Ip4Addr: 10.0.0.50
                - - DstMask
                  - DataNumber: 16
                - - SrcMask
                  - DataNumber: 16
                - - TcpFlags
                  - DataNumber: 2
                - - Direction
                  - DataNumber: 0
                - - DstAs
                  - DataNumber: 130
                - - SrcAs
                  - DataNumber: 185
              - - - LastSwitched
                  - Duration:
                      secs: 3488219
                      nanos: 376000000
                - - FirstSwitched
                  - Duration:
                      secs: 3488219
                      nanos: 284000000
                - - InBytes
                  - DataNumber: 2003
                - - InPkts
                  - DataNumber: 18094
                - - InputSnmp
                  - DataNumber: 4
                - - OutputSnmp
                  - DataNumber: 2
                - - Ipv4SrcAddr
                  - Ip4Addr: 10.0.0.27
                - - Ipv4DstAddr
                  - Ip4Addr: 12.0.0.205
                - - Protocol
                  - ProtocolType: Tcp
                - - SrcTos
                  - DataNumber: 160
                - - L4SrcPort
                  - DataNumber: 3850
                - - L4DstPort
                  - DataNumber: 4881
                - - FlowSamplerId
                  - DataNumber: 0
                - - Vendor
                  - Vec:
                      - 55
                - - Ipv4NextHop
                  - Ip4Addr: 10.0.0.35
                - - DstMask
                  - DataNumber: 28
                - - SrcMask
                  - DataNumber: 7
                - - TcpFlags
                  - DataNumber: 22
                - - Direction
                  - DataNumber: 0
                - - DstAs
                  - DataNumber: 167
                - - SrcAs
                  - DataNumber: 99
              - - - LastSwitched
                  - Duration:
                      secs: 3488219
                      nanos: 376000000
                - - FirstSwitched
                  - Duration:
                      secs: 3488219
                      nanos: 284000000
                - - InBytes
                  - DataNumber: 2003
                - - InPkts
                  - DataNumber: 38963
                - - InputSnmp
                  - DataNumber: 4
                - - OutputSnmp
                  - DataNumber: 2
                - - Ipv4SrcAddr
                  - Ip4Addr: 10.0.0.54
                - - Ipv4DstAddr
                  - Ip4Addr: 12.0.0.136
                - - Protocol
                  - ProtocolType: Tcp
                - - SrcTos
                  - DataNumber: 16
                - - L4SrcPort
                  - DataNumber: 64029
                - - L4DstPort
                  - DataNumber: 1348
                - - FlowSamplerId
                  - DataNumber: 0
                - - Vendor
                  - Vec:
                      - 13
                - - Ipv4NextHop
                  - Ip4Addr: 10.0.0.9
                - - DstMask
                  - DataNumber: 7
                - - SrcMask
                  - DataNumber: 9
                - - TcpFlags
                  - DataNumber: 17
                - - Direction
                  - DataNumber: 0
                - - DstAs
                  - DataNumber: 95
                - - SrcAs
                  - DataNumber: 108
              - - - LastSwitched
                  - Duration:
                      secs: 3488219
                      nanos: 376000000
                - - FirstSwitched
                  - Duration:
                      secs: 3488219
                      nanos: 284000000
                - - InBytes
                  - DataNumber: 2003
                - - InPkts
                  - DataNumber: 47659
                - - InputSnmp
                  - DataNumber: 4
                - - OutputSnmp
                  - DataNumber: 2
                - - Ipv4SrcAddr
                  - Ip4Addr: 10.0.0.63
                - - Ipv4DstAddr
                  - Ip4Addr: 12.0.0.223
                - - Protocol
                  - ProtocolType: Icmp
                - - SrcTos
                  - DataNumber: 192
                - - L4SrcPort
                  - DataNumber: 42544
                - - L4DstPort
                  - DataNumber: 59214
                - - FlowSamplerId
                  - DataNumber: 0
                - - Vendor
                  - Vec:
                      - 58
                - - Ipv4NextHop
                  - Ip4Addr: 10.0.0.32
                - - DstMask
                  - DataNumber: 25
                - - SrcMask
                  - DataNumber: 13
                - - TcpFlags
                  - DataNumber: 2
                - - Direction
                  - DataNumber: 0
                - - DstAs
                  - DataNumber: 139
                - - SrcAs
                  - DataNumber: 168
      - header:
          flowset_id: 257
          length: 164
        body:
          OptionsData:
            fields:
              - scope_fields:
                  - System:
                      - 0
                      - 0
                      - 0
                      - 100
                  - Interface:
                      - 0
                      - 0
                      - 0
                      - 200
                  - LineCard:
                      - 0
                      - 0
                      - 1
                      - 44
                  - NetFlowCache:
                      - 0
                      - 0
                      - 1
                      - 144
                  - Template:
                      - 0
                      - 0
                      - 1
                      - 244
                options_fields:
                  - 0:
                      - TotalFlowsExp
                      - DataNumber: 1013367971
                  - 1:
                      - TotalPktsExp
                      - DataNumber: 33710346
                  - 2:
                      - SamplingInterval
                      - DataNumber: 100
              - scope_fields:
                  - System:
                      - 0
                      - 0
                      - 0
                      - 100
                  - Interface:
                      - 0
                      - 0
                      - 0
                      - 200
                  - LineCard:
                      - 0
                      - 0
                      - 1
                      - 44
                  - NetFlowCache:
                      - 0
                      - 0
                      - 1
                      - 144
                  - Template:
                      - 0
                      - 0
                      - 1
                      - 244
                options_fields:
                  - 0:
                      - TotalFlowsExp
                      - DataNumber: 1013367971
                  - 1:
                      - TotalPktsExp
                      - DataNumber: 33710346
                  - 2:
                      - SamplingInterval
                      - DataNumber: 100
              - scope_fields:
                  - System:
                      - 0
                      - 0
                      - 0
                      - 100
                  - Interface:
                      - 0
                      - 0
                      - 0
                      - 200
                  - LineCard:
                      - 0
                      - 0
                      - 1
                      - 44
                  - NetFlowCache:
                      - 0
                      - 0
                      - 1
                      - 144
                  - Template:
                      - 0
                      - 0
                      - 1
                      - 244
                options_fields:
                  - 0:
                      - TotalFlowsExp
                      - DataNumber: 1013367971
                  - 1:
                      - TotalPktsExp
                      - DataNumber: 33710346
                  - 2:
                      - SamplingInterval
                      - DataNumber: 100
              - scope_fields:
                  - System:
                      - 0
                      - 0
                      - 0
                      - 100
                  - Interface:
                      - 0
                      - 0
                      - 0
                      - 200
                  - LineCard:
                      - 0
                      - 0
                      - 1
                      - 44
                  - NetFlowCache:
                      - 0
                      - 0
                      - 1
                      - 144
                  - Template:
                      - 0
                      - 0
                      - 1
                      - 244
                options_fields:
                  - 0:
                      - TotalFlowsExp
                      - DataNumber: 1013367971
                  - 1:
                      - TotalPktsExp
                      - DataNumber: 33710346
                  - 2:
                      - SamplingInterval
                      - DataNumber: 100
              - scope_fields:
                  - System:
                      - 0
                      - 0
                      - 0
                      - 100
                  - Interface:
                      - 0
                      - 0
                      - 0
                      - 200
                  - LineCard:
                      - 0
                      - 0
                      - 1
                      - 44
                  - NetFlowCache:
                      - 0
                      - 0
                      - 1
                      - 144
                  - Template:
                      - 0
                      - 0
                      - 1
                      - 244
                options_fields:
                  - 0:
                      - TotalFlowsExp
                      - DataNumber: 1013367971
                  - 1:
                      - TotalPktsExp
                      - DataNumber: 33710346
                  - 2:
                      - SamplingInterval
                      - DataNumber: 100
