---
source: src/tests.rs
expression: result
---
- IPFix:
    header:
      version: 10
      length: 244
      export_time: 1530614917
      sequence_number: 34503
      observation_domain_id: 768
    flowsets:
      - header:
          header_id: 2
          length: 228
        body:
          Template:
            template_id: 268
            field_count: 34
            fields:
              - field_type_number: 12236
                field_type: CiscoClientIpv4Address
                field_length: 4
                enterprise_number: 9
              - field_type_number: 12237
                field_type: CiscoServerIpv4Address
                field_length: 4
                enterprise_number: 9
              - field_type_number: 12240
                field_type: CiscoClientL4Port
                field_length: 2
                enterprise_number: 9
              - field_type_number: 12241
                field_type: CiscoServerL4Port
                field_length: 2
                enterprise_number: 9
              - field_type_number: 234
                field_type: IngressVrfid
                field_length: 4
              - field_type_number: 10
                field_type: IngressInterface
                field_length: 4
              - field_type_number: 239
                field_type: BiflowDirection
                field_length: 1
              - field_type_number: 12242
                field_type: CiscoConnectionId
                field_length: 4
                enterprise_number: 9
              - field_type_number: 95
                field_type: ApplicationId
                field_length: 4
              - field_type_number: 14
                field_type: EgressInterface
                field_length: 4
              - field_type_number: 48
                field_type: SamplerId
                field_length: 1
              - field_type_number: 9252
                field_type: CiscoServicesWaasSegment
                field_length: 1
                enterprise_number: 9
              - field_type_number: 9253
                field_type: CiscoServicesWaasPassthroughReason
                field_length: 1
                enterprise_number: 9
              - field_type_number: 9357
                field_type: CiscoAppHttpUriStatistics
                field_length: 65535
                enterprise_number: 9
              - field_type_number: 12235
                field_type: CiscoAppHttpHost
                field_length: 65535
                enterprise_number: 9
              - field_type_number: 22
                field_type: FlowStartSysUpTime
                field_length: 4
              - field_type_number: 21
                field_type: FlowEndSysUpTime
                field_length: 4
              - field_type_number: 278
                field_type: NewConnectionDeltaCount
                field_length: 4
              - field_type_number: 232
                field_type: ResponderOctets
                field_length: 8
              - field_type_number: 299
                field_type: ResponderPackets
                field_length: 8
              - field_type_number: 231
                field_type: InitiatorOctets
                field_length: 8
              - field_type_number: 298
                field_type: InitiatorPackets
                field_length: 8
              - field_type_number: 9303
                field_type:
                  Unknown: 9303
                field_length: 4
                enterprise_number: 9
              - field_type_number: 9292
                field_type:
                  Unknown: 9292
                field_length: 4
                enterprise_number: 9
              - field_type_number: 9300
                field_type:
                  Unknown: 9300
                field_length: 4
                enterprise_number: 9
              - field_type_number: 9319
                field_type:
                  Unknown: 9319
                field_length: 4
                enterprise_number: 9
              - field_type_number: 9316
                field_type:
                  Unknown: 9316
                field_length: 4
                enterprise_number: 9
              - field_type_number: 9268
                field_type:
                  Unknown: 9268
                field_length: 4
                enterprise_number: 9
              - field_type_number: 9313
                field_type:
                  Unknown: 9313
                field_length: 4
                enterprise_number: 9
              - field_type_number: 9306
                field_type:
                  Unknown: 9306
                field_length: 4
                enterprise_number: 9
              - field_type_number: 9307
                field_type:
                  Unknown: 9307
                field_length: 4
                enterprise_number: 9
              - field_type_number: 9309
                field_type:
                  Unknown: 9309
                field_length: 4
                enterprise_number: 9
              - field_type_number: 9273
                field_type:
                  Unknown: 9273
                field_length: 4
                enterprise_number: 9
              - field_type_number: 9272
                field_type:
                  Unknown: 9272
                field_length: 4
                enterprise_number: 9
- IPFix:
    header:
      version: 10
      length: 188
      export_time: 1530614908
      sequence_number: 34502
      observation_domain_id: 768
    flowsets:
      - header:
          header_id: 268
          length: 172
        body:
          Data:
            fields:
              - 0:
                  field_type: CiscoClientIpv4Address
                  field_value:
                    Ip4Addr: 10.209.101.66
                  is_enterprise: true
              - 1:
                  field_type: CiscoServerIpv4Address
                  field_value:
                    Ip4Addr: 10.0.0.241
                  is_enterprise: true
              - 2:
                  field_type: CiscoClientL4Port
                  field_value:
                    DataNumber: 49376
                  is_enterprise: true
              - 3:
                  field_type: CiscoServerL4Port
                  field_value:
                    DataNumber: 80
                  is_enterprise: true
              - 4:
                  field_type: IngressVrfid
                  field_value:
                    DataNumber: 0
              - 5:
                  field_type: IngressInterface
                  field_value:
                    DataNumber: 13
              - 6:
                  field_type: BiflowDirection
                  field_value:
                    DataNumber: 1
              - 7:
                  field_type: CiscoConnectionId
                  field_value:
                    DataNumber: 2378383328
                  is_enterprise: true
              - 8:
                  field_type: ApplicationId
                  field_value:
                    ApplicationId:
                      classification_engine_id: 3
                      selector_id: 80
              - 9:
                  field_type: EgressInterface
                  field_value:
                    DataNumber: 10
              - 10:
                  field_type: SamplerId
                  field_value:
                    DataNumber: 9
              - 11:
                  field_type: CiscoServicesWaasSegment
                  field_value:
                    DataNumber: 16
                  is_enterprise: true
              - 12:
                  field_type: CiscoServicesWaasPassthroughReason
                  field_value:
                    DataNumber: 0
                  is_enterprise: true
              - 13:
                  field_type: CiscoAppHttpUriStatistics
                  field_value:
                    String: "/DocLib1\u0000\u0000\u0001"
                  is_enterprise: true
              - 14:
                  field_type: CiscoAppHttpHost
                  field_value:
                    String: "\u0003\u0000\u0000P4\u0002portal.medsigroup.ru"
                  is_enterprise: true
              - 15:
                  field_type: FlowStartSysUpTime
                  field_value:
                    DataNumber: 564191867
              - 16:
                  field_type: FlowEndSysUpTime
                  field_value:
                    DataNumber: 564303806
              - 17:
                  field_type: NewConnectionDeltaCount
                  field_value:
                    DataNumber: 1
              - 18:
                  field_type: ResponderOctets
                  field_value:
                    DataNumber: 0
              - 19:
                  field_type: ResponderPackets
                  field_value:
                    DataNumber: 0
              - 20:
                  field_type: InitiatorOctets
                  field_value:
                    DataNumber: 6208
              - 21:
                  field_type: InitiatorPackets
                  field_value:
                    DataNumber: 15
              - 22:
                  field_type:
                    Unknown: 9303
                  field_value:
                    Vec:
                      - 0
                      - 0
                      - 0
                      - 0
                  is_enterprise: true
              - 23:
                  field_type:
                    Unknown: 9292
                  field_value:
                    Vec:
                      - 0
                      - 0
                      - 0
                      - 0
                  is_enterprise: true
              - 24:
                  field_type:
                    Unknown: 9300
                  field_value:
                    Vec:
                      - 0
                      - 0
                      - 0
                      - 0
                  is_enterprise: true
              - 25:
                  field_type:
                    Unknown: 9319
                  field_value:
                    Vec:
                      - 0
                      - 0
                      - 0
                      - 0
                  is_enterprise: true
              - 26:
                  field_type:
                    Unknown: 9316
                  field_value:
                    Vec:
                      - 0
                      - 0
                      - 0
                      - 0
                  is_enterprise: true
              - 27:
                  field_type:
                    Unknown: 9268
                  field_value:
                    Vec:
                      - 0
                      - 0
                      - 0
                      - 0
                  is_enterprise: true
              - 28:
                  field_type:
                    Unknown: 9313
                  field_value:
                    Vec:
                      - 0
                      - 0
                      - 0
                      - 0
                  is_enterprise: true
              - 29:
                  field_type:
                    Unknown: 9306
                  field_value:
                    Vec:
                      - 0
                      - 0
                      - 0
                      - 0
                  is_enterprise: true
              - 30:
                  field_type:
                    Unknown: 9307
                  field_value:
                    Vec:
                      - 0
                      - 0
                      - 0
                      - 0
                  is_enterprise: true
              - 31:
                  field_type:
                    Unknown: 9309
                  field_value:
                    Vec:
                      - 0
                      - 0
                      - 0
                      - 0
                  is_enterprise: true
              - 32:
                  field_type:
                    Unknown: 9273
                  field_value:
                    Vec:
                      - 0
                      - 0
                      - 0
                      - 0
                  is_enterprise: true
              - 33:
                  field_type:
                    Unknown: 9272
                  field_value:
                    Vec:
                      - 0
                      - 0
                      - 0
                      - 0
                  is_enterprise: true
