---
source: src/tests.rs
expression: "parser.parse_bytes(&hex::decode(hex_hex1).unwrap()).packets"
---
- V9:
    header:
      version: 9
      count: 2
      sys_up_time: 6
      unix_secs: 1672687345
      sequence_number: 2
      source_id: 1
    flowsets:
      - header:
          flowset_id: 256
          length: 36
        body:
          Data:
            fields:
              - - - InBytes
                  - DataNumber: 175114506
                - - InPkts
                  - DataNumber: 175114507
                - - InputSnmp
                  - DataNumber: 1
                - - Protocol
                  - ProtocolType: Hopopt
                - - Ipv4SrcAddr
                  - Ip4Addr: 0.0.1.0
                - - Ipv4DstAddr
                  - Ip4Addr: 0.0.1.0
      - header:
          flowset_id: 256
          length: 8
        body:
          Data:
            fields: []
