---
source: src/tests.rs
expression: packet.to_be_bytes().unwrap()
---
- 0
- 9
- 0
- 1
- 0
- 0
- 14
- 16
- 97
- 219
- 9
- 189
- 0
- 0
- 0
- 1
- 0
- 0
- 0
- 1
- 0
- 0
- 0
- 40
- 1
- 0
- 0
- 8
- 0
- 1
- 0
- 4
- 0
- 2
- 0
- 4
- 0
- 10
- 0
- 4
- 0
- 4
- 0
- 4
- 0
- 8
- 0
- 4
- 0
- 12
- 0
- 4
- 0
- 7
- 0
- 2
- 0
- 21
- 0
- 4
