---
source: src/tests.rs
expression: result
---
- IPFix:
    header:
      version: 10
      length: 132
      export_time: 1530614934
      sequence_number: 6200673
      observation_domain_id: 1024
    flowsets:
      - header:
          header_id: 2
          length: 116
        body:
          Template:
            template_id: 264
            field_count: 22
            fields:
              - field_type_number: 12236
                field_length: 4
                enterprise_number: 9
                field_type:
                  Cisco: CiscoClientIpv4Address
              - field_type_number: 12237
                field_length: 4
                enterprise_number: 9
                field_type:
                  Cisco: CiscoServerIpv4Address
              - field_type_number: 4
                field_length: 1
                field_type:
                  IANA: ProtocolIdentifier
              - field_type_number: 195
                field_length: 1
                field_type:
                  IANA: IpDiffServCodePoint
              - field_type_number: 192
                field_length: 1
                field_type:
                  IANA: IpTtl
              - field_type_number: 12241
                field_length: 2
                enterprise_number: 9
                field_type:
                  Cisco: CiscoServerL4Port
              - field_type_number: 234
                field_length: 4
                field_type:
                  IANA: IngressVrfid
              - field_type_number: 95
                field_length: 4
                field_type:
                  IANA: ApplicationId
              - field_type_number: 58
                field_length: 2
                field_type:
                  IANA: VlanId
              - field_type_number: 10
                field_length: 4
                field_type:
                  IANA: IngressInterface
              - field_type_number: 239
                field_length: 1
                field_type:
                  IANA: BiflowDirection
              - field_type_number: 9252
                field_length: 1
                enterprise_number: 9
                field_type:
                  Cisco: CiscoServicesWaasSegment
              - field_type_number: 14
                field_length: 4
                field_type:
                  IANA: EgressInterface
              - field_type_number: 9253
                field_length: 1
                enterprise_number: 9
                field_type:
                  Cisco: CiscoServicesWaasPassthroughReason
              - field_type_number: 22
                field_length: 4
                field_type:
                  IANA: FlowStartSysUpTime
              - field_type_number: 21
                field_length: 4
                field_type:
                  IANA: FlowEndSysUpTime
              - field_type_number: 278
                field_length: 4
                field_type:
                  IANA: NewConnectionDeltaCount
              - field_type_number: 279
                field_length: 8
                field_type:
                  IANA: ConnectionSumDurationSeconds
              - field_type_number: 232
                field_length: 8
                field_type:
                  IANA: ResponderOctets
              - field_type_number: 299
                field_length: 8
                field_type:
                  IANA: ResponderPackets
              - field_type_number: 231
                field_length: 8
                field_type:
                  IANA: InitiatorOctets
              - field_type_number: 298
                field_length: 8
                field_type:
                  IANA: InitiatorPackets
- IPFix:
    header:
      version: 10
      length: 1396
      export_time: 1530614820
      sequence_number: 6199655
      observation_domain_id: 1024
    flowsets:
      - header:
          header_id: 264
          length: 1380
        body:
          Data:
            fields:
              - - - Cisco: CiscoClientIpv4Address
                  - Ip4Addr: 10.101.255.1
                - - Cisco: CiscoServerIpv4Address
                  - Ip4Addr: 10.10.28.57
                - - IANA: ProtocolIdentifier
                  - ProtocolType: Udp
                - - IANA: IpDiffServCodePoint
                  - DataNumber: 0
                - - IANA: IpTtl
                  - DataNumber: 255
                - - Cisco: CiscoServerL4Port
                  - DataNumber: 2055
                - - IANA: IngressVrfid
                  - DataNumber: 0
                - - IANA: ApplicationId
                  - ApplicationId:
                      classification_engine_id: 13
                      selector_id: 606
                - - IANA: VlanId
                  - DataNumber: 0
                - - IANA: IngressInterface
                  - DataNumber: 0
                - - IANA: BiflowDirection
                  - DataNumber: 1
                - - Cisco: CiscoServicesWaasSegment
                  - DataNumber: 16
                - - IANA: EgressInterface
                  - DataNumber: 20
                - - Cisco: CiscoServicesWaasPassthroughReason
                  - DataNumber: 0
                - - IANA: FlowStartSysUpTime
                  - DataNumber: 4019387228
                - - IANA: FlowEndSysUpTime
                  - DataNumber: 4019440532
                - - IANA: NewConnectionDeltaCount
                  - DataNumber: 0
                - - IANA: ConnectionSumDurationSeconds
                  - DataNumber: 53
                - - IANA: ResponderOctets
                  - DataNumber: 0
                - - IANA: ResponderPackets
                  - DataNumber: 0
                - - IANA: InitiatorOctets
                  - DataNumber: 192505
                - - IANA: InitiatorPackets
                  - DataNumber: 155
              - - - Cisco: CiscoClientIpv4Address
                  - Ip4Addr: 172.31.255.1
                - - Cisco: CiscoServerIpv4Address
                  - Ip4Addr: 172.31.255.1
                - - IANA: ProtocolIdentifier
                  - ProtocolType: Udp
                - - IANA: IpDiffServCodePoint
                  - DataNumber: 0
                - - IANA: IpTtl
                  - DataNumber: 254
                - - Cisco: CiscoServerL4Port
                  - DataNumber: 3785
                - - IANA: IngressVrfid
                  - DataNumber: 0
                - - IANA: ApplicationId
                  - ApplicationId:
                      classification_engine_id: 13
                      selector_id: 1
                - - IANA: VlanId
                  - DataNumber: 0
                - - IANA: IngressInterface
                  - DataNumber: 1
                - - IANA: BiflowDirection
                  - DataNumber: 1
                - - Cisco: CiscoServicesWaasSegment
                  - DataNumber: 16
                - - IANA: EgressInterface
                  - DataNumber: 1
                - - Cisco: CiscoServicesWaasPassthroughReason
                  - DataNumber: 0
                - - IANA: FlowStartSysUpTime
                  - DataNumber: 4019387232
                - - IANA: FlowEndSysUpTime
                  - DataNumber: 4019446788
                - - IANA: NewConnectionDeltaCount
                  - DataNumber: 0
                - - IANA: ConnectionSumDurationSeconds
                  - DataNumber: 120
                - - IANA: ResponderOctets
                  - DataNumber: 0
                - - IANA: ResponderPackets
                  - DataNumber: 0
                - - IANA: InitiatorOctets
                  - DataNumber: 2208
                - - IANA: InitiatorPackets
                  - DataNumber: 184
              - - - Cisco: CiscoClientIpv4Address
                  - Ip4Addr: 10.208.22.118
                - - Cisco: CiscoServerIpv4Address
                  - Ip4Addr: 10.101.22.251
                - - IANA: ProtocolIdentifier
                  - ProtocolType: Udp
                - - IANA: IpDiffServCodePoint
                  - DataNumber: 4
                - - IANA: IpTtl
                  - DataNumber: 61
                - - Cisco: CiscoServerL4Port
                  - DataNumber: 17654
                - - IANA: IngressVrfid
                  - DataNumber: 0
                - - IANA: ApplicationId
                  - ApplicationId:
                      classification_engine_id: 13
                      selector_id: 1
                - - IANA: VlanId
                  - DataNumber: 0
                - - IANA: IngressInterface
                  - DataNumber: 1
                - - IANA: BiflowDirection
                  - DataNumber: 1
                - - Cisco: CiscoServicesWaasSegment
                  - DataNumber: 16
                - - IANA: EgressInterface
                  - DataNumber: 4
                - - Cisco: CiscoServicesWaasPassthroughReason
                  - DataNumber: 0
                - - IANA: FlowStartSysUpTime
                  - DataNumber: 4019387236
                - - IANA: FlowEndSysUpTime
                  - DataNumber: 4019437108
                - - IANA: NewConnectionDeltaCount
                  - DataNumber: 0
                - - IANA: ConnectionSumDurationSeconds
                  - DataNumber: 59
                - - IANA: ResponderOctets
                  - DataNumber: 0
                - - IANA: ResponderPackets
                  - DataNumber: 0
                - - IANA: InitiatorOctets
                  - DataNumber: 96
                - - IANA: InitiatorPackets
                  - DataNumber: 6
              - - - Cisco: CiscoClientIpv4Address
                  - Ip4Addr: 10.0.151.220
                - - Cisco: CiscoServerIpv4Address
                  - Ip4Addr: 10.101.151.95
                - - IANA: ProtocolIdentifier
                  - ProtocolType: Udp
                - - IANA: IpDiffServCodePoint
                  - DataNumber: 0
                - - IANA: IpTtl
                  - DataNumber: 60
                - - Cisco: CiscoServerL4Port
                  - DataNumber: 57339
                - - IANA: IngressVrfid
                  - DataNumber: 0
                - - IANA: ApplicationId
                  - ApplicationId:
                      classification_engine_id: 13
                      selector_id: 1
                - - IANA: VlanId
                  - DataNumber: 0
                - - IANA: IngressInterface
                  - DataNumber: 1
                - - IANA: BiflowDirection
                  - DataNumber: 1
                - - Cisco: CiscoServicesWaasSegment
                  - DataNumber: 16
                - - IANA: EgressInterface
                  - DataNumber: 4
                - - Cisco: CiscoServicesWaasPassthroughReason
                  - DataNumber: 0
                - - IANA: FlowStartSysUpTime
                  - DataNumber: 4019387306
                - - IANA: FlowEndSysUpTime
                  - DataNumber: 4019447034
                - - IANA: NewConnectionDeltaCount
                  - DataNumber: 0
                - - IANA: ConnectionSumDurationSeconds
                  - DataNumber: 59
                - - IANA: ResponderOctets
                  - DataNumber: 0
                - - IANA: ResponderPackets
                  - DataNumber: 0
                - - IANA: InitiatorOctets
                  - DataNumber: 15264
                - - IANA: InitiatorPackets
                  - DataNumber: 24
              - - - Cisco: CiscoClientIpv4Address
                  - Ip4Addr: 10.101.22.251
                - - Cisco: CiscoServerIpv4Address
                  - Ip4Addr: 10.25.22.18
                - - IANA: ProtocolIdentifier
                  - ProtocolType: Udp
                - - IANA: IpDiffServCodePoint
                  - DataNumber: 0
                - - IANA: IpTtl
                  - DataNumber: 126
                - - Cisco: CiscoServerL4Port
                  - DataNumber: 5001
                - - IANA: IngressVrfid
                  - DataNumber: 0
                - - IANA: ApplicationId
                  - ApplicationId:
                      classification_engine_id: 13
                      selector_id: 1
                - - IANA: VlanId
                  - DataNumber: 0
                - - IANA: IngressInterface
                  - DataNumber: 4
                - - IANA: BiflowDirection
                  - DataNumber: 1
                - - Cisco: CiscoServicesWaasSegment
                  - DataNumber: 16
                - - IANA: EgressInterface
                  - DataNumber: 20
                - - Cisco: CiscoServicesWaasPassthroughReason
                  - DataNumber: 0
                - - IANA: FlowStartSysUpTime
                  - DataNumber: 4019387310
                - - IANA: FlowEndSysUpTime
                  - DataNumber: 4019446976
                - - IANA: NewConnectionDeltaCount
                  - DataNumber: 0
                - - IANA: ConnectionSumDurationSeconds
                  - DataNumber: 59
                - - IANA: ResponderOctets
                  - DataNumber: 0
                - - IANA: ResponderPackets
                  - DataNumber: 0
                - - IANA: InitiatorOctets
                  - DataNumber: 5872
                - - IANA: InitiatorPackets
                  - DataNumber: 367
              - - - Cisco: CiscoClientIpv4Address
                  - Ip4Addr: 224.0.0.5
                - - Cisco: CiscoServerIpv4Address
                  - Ip4Addr: 172.31.255.1
                - - IANA: ProtocolIdentifier
                  - ProtocolType: Ospfigp
                - - IANA: IpDiffServCodePoint
                  - DataNumber: 0
                - - IANA: IpTtl
                  - DataNumber: 1
                - - Cisco: CiscoServerL4Port
                  - DataNumber: 0
                - - IANA: IngressVrfid
                  - DataNumber: 0
                - - IANA: ApplicationId
                  - ApplicationId:
                      classification_engine_id: 1
                      selector_id: 89
                - - IANA: VlanId
                  - DataNumber: 0
                - - IANA: IngressInterface
                  - DataNumber: 1
                - - IANA: BiflowDirection
                  - DataNumber: 2
                - - Cisco: CiscoServicesWaasSegment
                  - DataNumber: 16
                - - IANA: EgressInterface
                  - DataNumber: 0
                - - Cisco: CiscoServicesWaasPassthroughReason
                  - DataNumber: 0
                - - IANA: FlowStartSysUpTime
                  - DataNumber: 4019387360
                - - IANA: FlowEndSysUpTime
                  - DataNumber: 4019444662
                - - IANA: NewConnectionDeltaCount
                  - DataNumber: 0
                - - IANA: ConnectionSumDurationSeconds
                  - DataNumber: 80
                - - IANA: ResponderOctets
                  - DataNumber: 0
                - - IANA: ResponderPackets
                  - DataNumber: 23
                - - IANA: InitiatorOctets
                  - DataNumber: 0
                - - IANA: InitiatorPackets
                  - DataNumber: 0
              - - - Cisco: CiscoClientIpv4Address
                  - Ip4Addr: 172.31.254.101
                - - Cisco: CiscoServerIpv4Address
                  - Ip4Addr: 172.31.254.101
                - - IANA: ProtocolIdentifier
                  - ProtocolType: Udp
                - - IANA: IpDiffServCodePoint
                  - DataNumber: 48
                - - IANA: IpTtl
                  - DataNumber: 255
                - - Cisco: CiscoServerL4Port
                  - DataNumber: 3785
                - - IANA: IngressVrfid
                  - DataNumber: 0
                - - IANA: ApplicationId
                  - ApplicationId:
                      classification_engine_id: 13
                      selector_id: 1
                - - IANA: VlanId
                  - DataNumber: 0
                - - IANA: IngressInterface
                  - DataNumber: 0
                - - IANA: BiflowDirection
                  - DataNumber: 1
                - - Cisco: CiscoServicesWaasSegment
                  - DataNumber: 16
                - - IANA: EgressInterface
                  - DataNumber: 1
                - - Cisco: CiscoServicesWaasPassthroughReason
                  - DataNumber: 0
                - - IANA: FlowStartSysUpTime
                  - DataNumber: 4019387474
                - - IANA: FlowEndSysUpTime
                  - DataNumber: 4019447040
                - - IANA: NewConnectionDeltaCount
                  - DataNumber: 0
                - - IANA: ConnectionSumDurationSeconds
                  - DataNumber: 60
                - - IANA: ResponderOctets
                  - DataNumber: 0
                - - IANA: ResponderPackets
                  - DataNumber: 0
                - - IANA: InitiatorOctets
                  - DataNumber: 3816
                - - IANA: InitiatorPackets
                  - DataNumber: 318
              - - - Cisco: CiscoClientIpv4Address
                  - Ip4Addr: 224.0.0.5
                - - Cisco: CiscoServerIpv4Address
                  - Ip4Addr: 172.31.250.252
                - - IANA: ProtocolIdentifier
                  - ProtocolType: Ospfigp
                - - IANA: IpDiffServCodePoint
                  - DataNumber: 48
                - - IANA: IpTtl
                  - DataNumber: 1
                - - Cisco: CiscoServerL4Port
                  - DataNumber: 0
                - - IANA: IngressVrfid
                  - DataNumber: 0
                - - IANA: ApplicationId
                  - ApplicationId:
                      classification_engine_id: 1
                      selector_id: 89
                - - IANA: VlanId
                  - DataNumber: 290
                - - IANA: IngressInterface
                  - DataNumber: 20
                - - IANA: BiflowDirection
                  - DataNumber: 2
                - - Cisco: CiscoServicesWaasSegment
                  - DataNumber: 16
                - - IANA: EgressInterface
                  - DataNumber: 0
                - - Cisco: CiscoServicesWaasPassthroughReason
                  - DataNumber: 0
                - - IANA: FlowStartSysUpTime
                  - DataNumber: 4019387484
                - - IANA: FlowEndSysUpTime
                  - DataNumber: 4019444636
                - - IANA: NewConnectionDeltaCount
                  - DataNumber: 0
                - - IANA: ConnectionSumDurationSeconds
                  - DataNumber: 0
                - - IANA: ResponderOctets
                  - DataNumber: 0
                - - IANA: ResponderPackets
                  - DataNumber: 7
                - - IANA: InitiatorOctets
                  - DataNumber: 0
                - - IANA: InitiatorPackets
                  - DataNumber: 0
              - - - Cisco: CiscoClientIpv4Address
                  - Ip4Addr: 10.208.22.13
                - - Cisco: CiscoServerIpv4Address
                  - Ip4Addr: 10.101.22.251
                - - IANA: ProtocolIdentifier
                  - ProtocolType: Udp
                - - IANA: IpDiffServCodePoint
                  - DataNumber: 4
                - - IANA: IpTtl
                  - DataNumber: 61
                - - Cisco: CiscoServerL4Port
                  - DataNumber: 17654
                - - IANA: IngressVrfid
                  - DataNumber: 0
                - - IANA: ApplicationId
                  - ApplicationId:
                      classification_engine_id: 13
                      selector_id: 1
                - - IANA: VlanId
                  - DataNumber: 0
                - - IANA: IngressInterface
                  - DataNumber: 1
                - - IANA: BiflowDirection
                  - DataNumber: 1
                - - Cisco: CiscoServicesWaasSegment
                  - DataNumber: 16
                - - IANA: EgressInterface
                  - DataNumber: 4
                - - Cisco: CiscoServicesWaasPassthroughReason
                  - DataNumber: 0
                - - IANA: FlowStartSysUpTime
                  - DataNumber: 4019387486
                - - IANA: FlowEndSysUpTime
                  - DataNumber: 4019437338
                - - IANA: NewConnectionDeltaCount
                  - DataNumber: 0
                - - IANA: ConnectionSumDurationSeconds
                  - DataNumber: 50
                - - IANA: ResponderOctets
                  - DataNumber: 0
                - - IANA: ResponderPackets
                  - DataNumber: 0
                - - IANA: InitiatorOctets
                  - DataNumber: 740
                - - IANA: InitiatorPackets
                  - DataNumber: 65
              - - - Cisco: CiscoClientIpv4Address
                  - Ip4Addr: 224.0.0.5
                - - Cisco: CiscoServerIpv4Address
                  - Ip4Addr: 172.31.254.27
                - - IANA: ProtocolIdentifier
                  - ProtocolType: Ospfigp
                - - IANA: IpDiffServCodePoint
                  - DataNumber: 48
                - - IANA: IpTtl
                  - DataNumber: 1
                - - Cisco: CiscoServerL4Port
                  - DataNumber: 0
                - - IANA: IngressVrfid
                  - DataNumber: 0
                - - IANA: ApplicationId
                  - ApplicationId:
                      classification_engine_id: 1
                      selector_id: 89
                - - IANA: VlanId
                  - DataNumber: 0
                - - IANA: IngressInterface
                  - DataNumber: 1
                - - IANA: BiflowDirection
                  - DataNumber: 2
                - - Cisco: CiscoServicesWaasSegment
                  - DataNumber: 16
                - - IANA: EgressInterface
                  - DataNumber: 0
                - - Cisco: CiscoServicesWaasPassthroughReason
                  - DataNumber: 0
                - - IANA: FlowStartSysUpTime
                  - DataNumber: 4019387494
                - - IANA: FlowEndSysUpTime
                  - DataNumber: 4019443438
                - - IANA: NewConnectionDeltaCount
                  - DataNumber: 0
                - - IANA: ConnectionSumDurationSeconds
                  - DataNumber: 0
                - - IANA: ResponderOctets
                  - DataNumber: 0
                - - IANA: ResponderPackets
                  - DataNumber: 7
                - - IANA: InitiatorOctets
                  - DataNumber: 0
                - - IANA: InitiatorPackets
                  - DataNumber: 0
              - - - Cisco: CiscoClientIpv4Address
                  - Ip4Addr: 10.100.102.116
                - - Cisco: CiscoServerIpv4Address
                  - Ip4Addr: 10.205.151.9
                - - IANA: ProtocolIdentifier
                  - ProtocolType: Udp
                - - IANA: IpDiffServCodePoint
                  - DataNumber: 0
                - - IANA: IpTtl
                  - DataNumber: 125
                - - Cisco: CiscoServerL4Port
                  - DataNumber: 3389
                - - IANA: IngressVrfid
                  - DataNumber: 0
                - - IANA: ApplicationId
                  - ApplicationId:
                      classification_engine_id: 13
                      selector_id: 1
                - - IANA: VlanId
                  - DataNumber: 290
                - - IANA: IngressInterface
                  - DataNumber: 20
                - - IANA: BiflowDirection
                  - DataNumber: 2
                - - Cisco: CiscoServicesWaasSegment
                  - DataNumber: 16
                - - IANA: EgressInterface
                  - DataNumber: 17
                - - Cisco: CiscoServicesWaasPassthroughReason
                  - DataNumber: 0
                - - IANA: FlowStartSysUpTime
                  - DataNumber: 4019387564
                - - IANA: FlowEndSysUpTime
                  - DataNumber: 4019438730
                - - IANA: NewConnectionDeltaCount
                  - DataNumber: 0
                - - IANA: ConnectionSumDurationSeconds
                  - DataNumber: 239
                - - IANA: ResponderOctets
                  - DataNumber: 225
                - - IANA: ResponderPackets
                  - DataNumber: 8
                - - IANA: InitiatorOctets
                  - DataNumber: 96
                - - IANA: InitiatorPackets
                  - DataNumber: 8
              - - - Cisco: CiscoClientIpv4Address
                  - Ip4Addr: 10.208.22.124
                - - Cisco: CiscoServerIpv4Address
                  - Ip4Addr: 10.101.22.251
                - - IANA: ProtocolIdentifier
                  - ProtocolType: Udp
                - - IANA: IpDiffServCodePoint
                  - DataNumber: 4
                - - IANA: IpTtl
                  - DataNumber: 61
                - - Cisco: CiscoServerL4Port
                  - DataNumber: 17654
                - - IANA: IngressVrfid
                  - DataNumber: 0
                - - IANA: ApplicationId
                  - ApplicationId:
                      classification_engine_id: 13
                      selector_id: 1
                - - IANA: VlanId
                  - DataNumber: 0
                - - IANA: IngressInterface
                  - DataNumber: 1
                - - IANA: BiflowDirection
                  - DataNumber: 1
                - - Cisco: CiscoServicesWaasSegment
                  - DataNumber: 16
                - - IANA: EgressInterface
                  - DataNumber: 4
                - - Cisco: CiscoServicesWaasPassthroughReason
                  - DataNumber: 0
                - - IANA: FlowStartSysUpTime
                  - DataNumber: 4019387592
                - - IANA: FlowEndSysUpTime
                  - DataNumber: 4019437466
                - - IANA: NewConnectionDeltaCount
                  - DataNumber: 0
                - - IANA: ConnectionSumDurationSeconds
                  - DataNumber: 59
                - - IANA: ResponderOctets
                  - DataNumber: 0
                - - IANA: ResponderPackets
                  - DataNumber: 0
                - - IANA: InitiatorOctets
                  - DataNumber: 96
                - - IANA: InitiatorPackets
                  - DataNumber: 6
              - - - Cisco: CiscoClientIpv4Address
                  - Ip4Addr: 172.31.254.101
                - - Cisco: CiscoServerIpv4Address
                  - Ip4Addr: 172.31.254.1
                - - IANA: ProtocolIdentifier
                  - ProtocolType: Udp
                - - IANA: IpDiffServCodePoint
                  - DataNumber: 48
                - - IANA: IpTtl
                  - DataNumber: 255
                - - Cisco: CiscoServerL4Port
                  - DataNumber: 3784
                - - IANA: IngressVrfid
                  - DataNumber: 0
                - - IANA: ApplicationId
                  - ApplicationId:
                      classification_engine_id: 13
                      selector_id: 1
                - - IANA: VlanId
                  - DataNumber: 0
                - - IANA: IngressInterface
                  - DataNumber: 0
                - - IANA: BiflowDirection
                  - DataNumber: 1
                - - Cisco: CiscoServicesWaasSegment
                  - DataNumber: 16
                - - IANA: EgressInterface
                  - DataNumber: 1
                - - Cisco: CiscoServicesWaasPassthroughReason
                  - DataNumber: 0
                - - IANA: FlowStartSysUpTime
                  - DataNumber: 4019387628
                - - IANA: FlowEndSysUpTime
                  - DataNumber: 4019445566
                - - IANA: NewConnectionDeltaCount
                  - DataNumber: 0
                - - IANA: ConnectionSumDurationSeconds
                  - DataNumber: 60
                - - IANA: ResponderOctets
                  - DataNumber: 0
                - - IANA: ResponderPackets
                  - DataNumber: 0
                - - IANA: InitiatorOctets
                  - DataNumber: 552
                - - IANA: InitiatorPackets
                  - DataNumber: 23
              - - - Cisco: CiscoClientIpv4Address
                  - Ip4Addr: 10.1.22.47
                - - Cisco: CiscoServerIpv4Address
                  - Ip4Addr: 10.101.22.251
                - - IANA: ProtocolIdentifier
                  - ProtocolType: Udp
                - - IANA: IpDiffServCodePoint
                  - DataNumber: 8
                - - IANA: IpTtl
                  - DataNumber: 61
                - - Cisco: CiscoServerL4Port
                  - DataNumber: 17654
                - - IANA: IngressVrfid
                  - DataNumber: 0
                - - IANA: ApplicationId
                  - ApplicationId:
                      classification_engine_id: 13
                      selector_id: 1
                - - IANA: VlanId
                  - DataNumber: 0
                - - IANA: IngressInterface
                  - DataNumber: 1
                - - IANA: BiflowDirection
                  - DataNumber: 1
                - - Cisco: CiscoServicesWaasSegment
                  - DataNumber: 16
                - - IANA: EgressInterface
                  - DataNumber: 4
                - - Cisco: CiscoServicesWaasPassthroughReason
                  - DataNumber: 0
                - - IANA: FlowStartSysUpTime
                  - DataNumber: 4019387640
                - - IANA: FlowEndSysUpTime
                  - DataNumber: 4019437582
                - - IANA: NewConnectionDeltaCount
                  - DataNumber: 0
                - - IANA: ConnectionSumDurationSeconds
                  - DataNumber: 50
                - - IANA: ResponderOctets
                  - DataNumber: 0
                - - IANA: ResponderPackets
                  - DataNumber: 0
                - - IANA: InitiatorOctets
                  - DataNumber: 772
                - - IANA: InitiatorPackets
                  - DataNumber: 67
              - - - Cisco: CiscoClientIpv4Address
                  - Ip4Addr: 10.101.10.12
                - - Cisco: CiscoServerIpv4Address
                  - Ip4Addr: 10.0.151.179
                - - IANA: ProtocolIdentifier
                  - ProtocolType: Icmp
                - - IANA: IpDiffServCodePoint
                  - DataNumber: 0
                - - IANA: IpTtl
                  - DataNumber: 60
                - - Cisco: CiscoServerL4Port
                  - DataNumber: 0
                - - IANA: IngressVrfid
                  - DataNumber: 0
                - - IANA: ApplicationId
                  - ApplicationId:
                      classification_engine_id: 13
                      selector_id: 479
                - - IANA: VlanId
                  - DataNumber: 0
                - - IANA: IngressInterface
                  - DataNumber: 1
                - - IANA: BiflowDirection
                  - DataNumber: 2
                - - Cisco: CiscoServicesWaasSegment
                  - DataNumber: 16
                - - IANA: EgressInterface
                  - DataNumber: 4
                - - Cisco: CiscoServicesWaasPassthroughReason
                  - DataNumber: 0
                - - IANA: FlowStartSysUpTime
                  - DataNumber: 4019387662
                - - IANA: FlowEndSysUpTime
                  - DataNumber: 4019446322
                - - IANA: NewConnectionDeltaCount
                  - DataNumber: 0
                - - IANA: ConnectionSumDurationSeconds
                  - DataNumber: 0
                - - IANA: ResponderOctets
                  - DataNumber: 0
                - - IANA: ResponderPackets
                  - DataNumber: 19
                - - IANA: InitiatorOctets
                  - DataNumber: 0
                - - IANA: InitiatorPackets
                  - DataNumber: 0
              - - - Cisco: CiscoClientIpv4Address
                  - Ip4Addr: 172.31.255.1
                - - Cisco: CiscoServerIpv4Address
                  - Ip4Addr: 172.31.254.101
                - - IANA: ProtocolIdentifier
                  - ProtocolType: Udp
                - - IANA: IpDiffServCodePoint
                  - DataNumber: 0
                - - IANA: IpTtl
                  - DataNumber: 255
                - - Cisco: CiscoServerL4Port
                  - DataNumber: 3784
                - - IANA: IngressVrfid
                  - DataNumber: 0
                - - IANA: ApplicationId
                  - ApplicationId:
                      classification_engine_id: 13
                      selector_id: 1
                - - IANA: VlanId
                  - DataNumber: 0
                - - IANA: IngressInterface
                  - DataNumber: 1
                - - IANA: BiflowDirection
                  - DataNumber: 1
                - - Cisco: CiscoServicesWaasSegment
                  - DataNumber: 16
                - - IANA: EgressInterface
                  - DataNumber: 0
                - - Cisco: CiscoServicesWaasPassthroughReason
                  - DataNumber: 0
                - - IANA: FlowStartSysUpTime
                  - DataNumber: 4019387700
                - - IANA: FlowEndSysUpTime
                  - DataNumber: 4019446700
                - - IANA: NewConnectionDeltaCount
                  - DataNumber: 0
                - - IANA: ConnectionSumDurationSeconds
                  - DataNumber: 59
                - - IANA: ResponderOctets
                  - DataNumber: 0
                - - IANA: ResponderPackets
                  - DataNumber: 0
                - - IANA: InitiatorOctets
                  - DataNumber: 1632
                - - IANA: InitiatorPackets
                  - DataNumber: 68
