---
source: src/tests.rs
expression: result
---
- IPFix:
    header:
      version: 10
      length: 132
      export_time: 1530614934
      sequence_number: 6200673
      observation_domain_id: 1024
    flowsets:
      - header:
          header_id: 2
          length: 116
        body:
          Template:
            template_id: 264
            field_count: 22
            fields:
              - field_type_number: 12236
                field_type: CiscoClientIpv4Address
                field_length: 4
                enterprise_number: 9
              - field_type_number: 12237
                field_type: CiscoServerIpv4Address
                field_length: 4
                enterprise_number: 9
              - field_type_number: 4
                field_type: ProtocolIdentifier
                field_length: 1
              - field_type_number: 195
                field_type: IpDiffServCodePoint
                field_length: 1
              - field_type_number: 192
                field_type: IpTtl
                field_length: 1
              - field_type_number: 12241
                field_type: CiscoServerL4Port
                field_length: 2
                enterprise_number: 9
              - field_type_number: 234
                field_type: IngressVrfid
                field_length: 4
              - field_type_number: 95
                field_type: ApplicationId
                field_length: 4
              - field_type_number: 58
                field_type: VlanId
                field_length: 2
              - field_type_number: 10
                field_type: IngressInterface
                field_length: 4
              - field_type_number: 239
                field_type: BiflowDirection
                field_length: 1
              - field_type_number: 9252
                field_type: CiscoServicesWaasSegment
                field_length: 1
                enterprise_number: 9
              - field_type_number: 14
                field_type: EgressInterface
                field_length: 4
              - field_type_number: 9253
                field_type: CiscoServicesWaasPassthroughReason
                field_length: 1
                enterprise_number: 9
              - field_type_number: 22
                field_type: FlowStartSysUpTime
                field_length: 4
              - field_type_number: 21
                field_type: FlowEndSysUpTime
                field_length: 4
              - field_type_number: 278
                field_type: NewConnectionDeltaCount
                field_length: 4
              - field_type_number: 279
                field_type: ConnectionSumDurationSeconds
                field_length: 8
              - field_type_number: 232
                field_type: ResponderOctets
                field_length: 8
              - field_type_number: 299
                field_type: ResponderPackets
                field_length: 8
              - field_type_number: 231
                field_type: InitiatorOctets
                field_length: 8
              - field_type_number: 298
                field_type: InitiatorPackets
                field_length: 8
- IPFix:
    header:
      version: 10
      length: 1396
      export_time: 1530614820
      sequence_number: 6199655
      observation_domain_id: 1024
    flowsets:
      - header:
          header_id: 264
          length: 1380
        body:
          Data:
            fields:
              - 0:
                  field_type: CiscoClientIpv4Address
                  field_value:
                    Ip4Addr: 10.101.255.1
                  is_enterprise: true
              - 1:
                  field_type: CiscoServerIpv4Address
                  field_value:
                    Ip4Addr: 10.10.28.57
                  is_enterprise: true
              - 2:
                  field_type: ProtocolIdentifier
                  field_value:
                    ProtocolType: Udp
              - 3:
                  field_type: IpDiffServCodePoint
                  field_value:
                    DataNumber: 0
              - 4:
                  field_type: IpTtl
                  field_value:
                    DataNumber: 255
              - 5:
                  field_type: CiscoServerL4Port
                  field_value:
                    DataNumber: 2055
                  is_enterprise: true
              - 6:
                  field_type: IngressVrfid
                  field_value:
                    DataNumber: 0
              - 7:
                  field_type: ApplicationId
                  field_value:
                    ApplicationId:
                      classification_engine_id: 13
                      selector_id: 606
              - 8:
                  field_type: VlanId
                  field_value:
                    DataNumber: 0
              - 9:
                  field_type: IngressInterface
                  field_value:
                    DataNumber: 0
              - 10:
                  field_type: BiflowDirection
                  field_value:
                    DataNumber: 1
              - 11:
                  field_type: CiscoServicesWaasSegment
                  field_value:
                    DataNumber: 16
                  is_enterprise: true
              - 12:
                  field_type: EgressInterface
                  field_value:
                    DataNumber: 20
              - 13:
                  field_type: CiscoServicesWaasPassthroughReason
                  field_value:
                    DataNumber: 0
                  is_enterprise: true
              - 14:
                  field_type: FlowStartSysUpTime
                  field_value:
                    DataNumber: 4019387228
              - 15:
                  field_type: FlowEndSysUpTime
                  field_value:
                    DataNumber: 4019440532
              - 16:
                  field_type: NewConnectionDeltaCount
                  field_value:
                    DataNumber: 0
              - 17:
                  field_type: ConnectionSumDurationSeconds
                  field_value:
                    DataNumber: 53
              - 18:
                  field_type: ResponderOctets
                  field_value:
                    DataNumber: 0
              - 19:
                  field_type: ResponderPackets
                  field_value:
                    DataNumber: 0
              - 20:
                  field_type: InitiatorOctets
                  field_value:
                    DataNumber: 192505
              - 21:
                  field_type: InitiatorPackets
                  field_value:
                    DataNumber: 155
              - 0:
                  field_type: CiscoClientIpv4Address
                  field_value:
                    Ip4Addr: 172.31.255.1
                  is_enterprise: true
              - 1:
                  field_type: CiscoServerIpv4Address
                  field_value:
                    Ip4Addr: 172.31.255.1
                  is_enterprise: true
              - 2:
                  field_type: ProtocolIdentifier
                  field_value:
                    ProtocolType: Udp
              - 3:
                  field_type: IpDiffServCodePoint
                  field_value:
                    DataNumber: 0
              - 4:
                  field_type: IpTtl
                  field_value:
                    DataNumber: 254
              - 5:
                  field_type: CiscoServerL4Port
                  field_value:
                    DataNumber: 3785
                  is_enterprise: true
              - 6:
                  field_type: IngressVrfid
                  field_value:
                    DataNumber: 0
              - 7:
                  field_type: ApplicationId
                  field_value:
                    ApplicationId:
                      classification_engine_id: 13
                      selector_id: 1
              - 8:
                  field_type: VlanId
                  field_value:
                    DataNumber: 0
              - 9:
                  field_type: IngressInterface
                  field_value:
                    DataNumber: 1
              - 10:
                  field_type: BiflowDirection
                  field_value:
                    DataNumber: 1
              - 11:
                  field_type: CiscoServicesWaasSegment
                  field_value:
                    DataNumber: 16
                  is_enterprise: true
              - 12:
                  field_type: EgressInterface
                  field_value:
                    DataNumber: 1
              - 13:
                  field_type: CiscoServicesWaasPassthroughReason
                  field_value:
                    DataNumber: 0
                  is_enterprise: true
              - 14:
                  field_type: FlowStartSysUpTime
                  field_value:
                    DataNumber: 4019387232
              - 15:
                  field_type: FlowEndSysUpTime
                  field_value:
                    DataNumber: 4019446788
              - 16:
                  field_type: NewConnectionDeltaCount
                  field_value:
                    DataNumber: 0
              - 17:
                  field_type: ConnectionSumDurationSeconds
                  field_value:
                    DataNumber: 120
              - 18:
                  field_type: ResponderOctets
                  field_value:
                    DataNumber: 0
              - 19:
                  field_type: ResponderPackets
                  field_value:
                    DataNumber: 0
              - 20:
                  field_type: InitiatorOctets
                  field_value:
                    DataNumber: 2208
              - 21:
                  field_type: InitiatorPackets
                  field_value:
                    DataNumber: 184
              - 0:
                  field_type: CiscoClientIpv4Address
                  field_value:
                    Ip4Addr: 10.208.22.118
                  is_enterprise: true
              - 1:
                  field_type: CiscoServerIpv4Address
                  field_value:
                    Ip4Addr: 10.101.22.251
                  is_enterprise: true
              - 2:
                  field_type: ProtocolIdentifier
                  field_value:
                    ProtocolType: Udp
              - 3:
                  field_type: IpDiffServCodePoint
                  field_value:
                    DataNumber: 4
              - 4:
                  field_type: IpTtl
                  field_value:
                    DataNumber: 61
              - 5:
                  field_type: CiscoServerL4Port
                  field_value:
                    DataNumber: 17654
                  is_enterprise: true
              - 6:
                  field_type: IngressVrfid
                  field_value:
                    DataNumber: 0
              - 7:
                  field_type: ApplicationId
                  field_value:
                    ApplicationId:
                      classification_engine_id: 13
                      selector_id: 1
              - 8:
                  field_type: VlanId
                  field_value:
                    DataNumber: 0
              - 9:
                  field_type: IngressInterface
                  field_value:
                    DataNumber: 1
              - 10:
                  field_type: BiflowDirection
                  field_value:
                    DataNumber: 1
              - 11:
                  field_type: CiscoServicesWaasSegment
                  field_value:
                    DataNumber: 16
                  is_enterprise: true
              - 12:
                  field_type: EgressInterface
                  field_value:
                    DataNumber: 4
              - 13:
                  field_type: CiscoServicesWaasPassthroughReason
                  field_value:
                    DataNumber: 0
                  is_enterprise: true
              - 14:
                  field_type: FlowStartSysUpTime
                  field_value:
                    DataNumber: 4019387236
              - 15:
                  field_type: FlowEndSysUpTime
                  field_value:
                    DataNumber: 4019437108
              - 16:
                  field_type: NewConnectionDeltaCount
                  field_value:
                    DataNumber: 0
              - 17:
                  field_type: ConnectionSumDurationSeconds
                  field_value:
                    DataNumber: 59
              - 18:
                  field_type: ResponderOctets
                  field_value:
                    DataNumber: 0
              - 19:
                  field_type: ResponderPackets
                  field_value:
                    DataNumber: 0
              - 20:
                  field_type: InitiatorOctets
                  field_value:
                    DataNumber: 96
              - 21:
                  field_type: InitiatorPackets
                  field_value:
                    DataNumber: 6
              - 0:
                  field_type: CiscoClientIpv4Address
                  field_value:
                    Ip4Addr: 10.0.151.220
                  is_enterprise: true
              - 1:
                  field_type: CiscoServerIpv4Address
                  field_value:
                    Ip4Addr: 10.101.151.95
                  is_enterprise: true
              - 2:
                  field_type: ProtocolIdentifier
                  field_value:
                    ProtocolType: Udp
              - 3:
                  field_type: IpDiffServCodePoint
                  field_value:
                    DataNumber: 0
              - 4:
                  field_type: IpTtl
                  field_value:
                    DataNumber: 60
              - 5:
                  field_type: CiscoServerL4Port
                  field_value:
                    DataNumber: 57339
                  is_enterprise: true
              - 6:
                  field_type: IngressVrfid
                  field_value:
                    DataNumber: 0
              - 7:
                  field_type: ApplicationId
                  field_value:
                    ApplicationId:
                      classification_engine_id: 13
                      selector_id: 1
              - 8:
                  field_type: VlanId
                  field_value:
                    DataNumber: 0
              - 9:
                  field_type: IngressInterface
                  field_value:
                    DataNumber: 1
              - 10:
                  field_type: BiflowDirection
                  field_value:
                    DataNumber: 1
              - 11:
                  field_type: CiscoServicesWaasSegment
                  field_value:
                    DataNumber: 16
                  is_enterprise: true
              - 12:
                  field_type: EgressInterface
                  field_value:
                    DataNumber: 4
              - 13:
                  field_type: CiscoServicesWaasPassthroughReason
                  field_value:
                    DataNumber: 0
                  is_enterprise: true
              - 14:
                  field_type: FlowStartSysUpTime
                  field_value:
                    DataNumber: 4019387306
              - 15:
                  field_type: FlowEndSysUpTime
                  field_value:
                    DataNumber: 4019447034
              - 16:
                  field_type: NewConnectionDeltaCount
                  field_value:
                    DataNumber: 0
              - 17:
                  field_type: ConnectionSumDurationSeconds
                  field_value:
                    DataNumber: 59
              - 18:
                  field_type: ResponderOctets
                  field_value:
                    DataNumber: 0
              - 19:
                  field_type: ResponderPackets
                  field_value:
                    DataNumber: 0
              - 20:
                  field_type: InitiatorOctets
                  field_value:
                    DataNumber: 15264
              - 21:
                  field_type: InitiatorPackets
                  field_value:
                    DataNumber: 24
              - 0:
                  field_type: CiscoClientIpv4Address
                  field_value:
                    Ip4Addr: 10.101.22.251
                  is_enterprise: true
              - 1:
                  field_type: CiscoServerIpv4Address
                  field_value:
                    Ip4Addr: 10.25.22.18
                  is_enterprise: true
              - 2:
                  field_type: ProtocolIdentifier
                  field_value:
                    ProtocolType: Udp
              - 3:
                  field_type: IpDiffServCodePoint
                  field_value:
                    DataNumber: 0
              - 4:
                  field_type: IpTtl
                  field_value:
                    DataNumber: 126
              - 5:
                  field_type: CiscoServerL4Port
                  field_value:
                    DataNumber: 5001
                  is_enterprise: true
              - 6:
                  field_type: IngressVrfid
                  field_value:
                    DataNumber: 0
              - 7:
                  field_type: ApplicationId
                  field_value:
                    ApplicationId:
                      classification_engine_id: 13
                      selector_id: 1
              - 8:
                  field_type: VlanId
                  field_value:
                    DataNumber: 0
              - 9:
                  field_type: IngressInterface
                  field_value:
                    DataNumber: 4
              - 10:
                  field_type: BiflowDirection
                  field_value:
                    DataNumber: 1
              - 11:
                  field_type: CiscoServicesWaasSegment
                  field_value:
                    DataNumber: 16
                  is_enterprise: true
              - 12:
                  field_type: EgressInterface
                  field_value:
                    DataNumber: 20
              - 13:
                  field_type: CiscoServicesWaasPassthroughReason
                  field_value:
                    DataNumber: 0
                  is_enterprise: true
              - 14:
                  field_type: FlowStartSysUpTime
                  field_value:
                    DataNumber: 4019387310
              - 15:
                  field_type: FlowEndSysUpTime
                  field_value:
                    DataNumber: 4019446976
              - 16:
                  field_type: NewConnectionDeltaCount
                  field_value:
                    DataNumber: 0
              - 17:
                  field_type: ConnectionSumDurationSeconds
                  field_value:
                    DataNumber: 59
              - 18:
                  field_type: ResponderOctets
                  field_value:
                    DataNumber: 0
              - 19:
                  field_type: ResponderPackets
                  field_value:
                    DataNumber: 0
              - 20:
                  field_type: InitiatorOctets
                  field_value:
                    DataNumber: 5872
              - 21:
                  field_type: InitiatorPackets
                  field_value:
                    DataNumber: 367
              - 0:
                  field_type: CiscoClientIpv4Address
                  field_value:
                    Ip4Addr: 224.0.0.5
                  is_enterprise: true
              - 1:
                  field_type: CiscoServerIpv4Address
                  field_value:
                    Ip4Addr: 172.31.255.1
                  is_enterprise: true
              - 2:
                  field_type: ProtocolIdentifier
                  field_value:
                    ProtocolType: Ospfigp
              - 3:
                  field_type: IpDiffServCodePoint
                  field_value:
                    DataNumber: 0
              - 4:
                  field_type: IpTtl
                  field_value:
                    DataNumber: 1
              - 5:
                  field_type: CiscoServerL4Port
                  field_value:
                    DataNumber: 0
                  is_enterprise: true
              - 6:
                  field_type: IngressVrfid
                  field_value:
                    DataNumber: 0
              - 7:
                  field_type: ApplicationId
                  field_value:
                    ApplicationId:
                      classification_engine_id: 1
                      selector_id: 89
              - 8:
                  field_type: VlanId
                  field_value:
                    DataNumber: 0
              - 9:
                  field_type: IngressInterface
                  field_value:
                    DataNumber: 1
              - 10:
                  field_type: BiflowDirection
                  field_value:
                    DataNumber: 2
              - 11:
                  field_type: CiscoServicesWaasSegment
                  field_value:
                    DataNumber: 16
                  is_enterprise: true
              - 12:
                  field_type: EgressInterface
                  field_value:
                    DataNumber: 0
              - 13:
                  field_type: CiscoServicesWaasPassthroughReason
                  field_value:
                    DataNumber: 0
                  is_enterprise: true
              - 14:
                  field_type: FlowStartSysUpTime
                  field_value:
                    DataNumber: 4019387360
              - 15:
                  field_type: FlowEndSysUpTime
                  field_value:
                    DataNumber: 4019444662
              - 16:
                  field_type: NewConnectionDeltaCount
                  field_value:
                    DataNumber: 0
              - 17:
                  field_type: ConnectionSumDurationSeconds
                  field_value:
                    DataNumber: 80
              - 18:
                  field_type: ResponderOctets
                  field_value:
                    DataNumber: 0
              - 19:
                  field_type: ResponderPackets
                  field_value:
                    DataNumber: 23
              - 20:
                  field_type: InitiatorOctets
                  field_value:
                    DataNumber: 0
              - 21:
                  field_type: InitiatorPackets
                  field_value:
                    DataNumber: 0
              - 0:
                  field_type: CiscoClientIpv4Address
                  field_value:
                    Ip4Addr: 172.31.254.101
                  is_enterprise: true
              - 1:
                  field_type: CiscoServerIpv4Address
                  field_value:
                    Ip4Addr: 172.31.254.101
                  is_enterprise: true
              - 2:
                  field_type: ProtocolIdentifier
                  field_value:
                    ProtocolType: Udp
              - 3:
                  field_type: IpDiffServCodePoint
                  field_value:
                    DataNumber: 48
              - 4:
                  field_type: IpTtl
                  field_value:
                    DataNumber: 255
              - 5:
                  field_type: CiscoServerL4Port
                  field_value:
                    DataNumber: 3785
                  is_enterprise: true
              - 6:
                  field_type: IngressVrfid
                  field_value:
                    DataNumber: 0
              - 7:
                  field_type: ApplicationId
                  field_value:
                    ApplicationId:
                      classification_engine_id: 13
                      selector_id: 1
              - 8:
                  field_type: VlanId
                  field_value:
                    DataNumber: 0
              - 9:
                  field_type: IngressInterface
                  field_value:
                    DataNumber: 0
              - 10:
                  field_type: BiflowDirection
                  field_value:
                    DataNumber: 1
              - 11:
                  field_type: CiscoServicesWaasSegment
                  field_value:
                    DataNumber: 16
                  is_enterprise: true
              - 12:
                  field_type: EgressInterface
                  field_value:
                    DataNumber: 1
              - 13:
                  field_type: CiscoServicesWaasPassthroughReason
                  field_value:
                    DataNumber: 0
                  is_enterprise: true
              - 14:
                  field_type: FlowStartSysUpTime
                  field_value:
                    DataNumber: 4019387474
              - 15:
                  field_type: FlowEndSysUpTime
                  field_value:
                    DataNumber: 4019447040
              - 16:
                  field_type: NewConnectionDeltaCount
                  field_value:
                    DataNumber: 0
              - 17:
                  field_type: ConnectionSumDurationSeconds
                  field_value:
                    DataNumber: 60
              - 18:
                  field_type: ResponderOctets
                  field_value:
                    DataNumber: 0
              - 19:
                  field_type: ResponderPackets
                  field_value:
                    DataNumber: 0
              - 20:
                  field_type: InitiatorOctets
                  field_value:
                    DataNumber: 3816
              - 21:
                  field_type: InitiatorPackets
                  field_value:
                    DataNumber: 318
              - 0:
                  field_type: CiscoClientIpv4Address
                  field_value:
                    Ip4Addr: 224.0.0.5
                  is_enterprise: true
              - 1:
                  field_type: CiscoServerIpv4Address
                  field_value:
                    Ip4Addr: 172.31.250.252
                  is_enterprise: true
              - 2:
                  field_type: ProtocolIdentifier
                  field_value:
                    ProtocolType: Ospfigp
              - 3:
                  field_type: IpDiffServCodePoint
                  field_value:
                    DataNumber: 48
              - 4:
                  field_type: IpTtl
                  field_value:
                    DataNumber: 1
              - 5:
                  field_type: CiscoServerL4Port
                  field_value:
                    DataNumber: 0
                  is_enterprise: true
              - 6:
                  field_type: IngressVrfid
                  field_value:
                    DataNumber: 0
              - 7:
                  field_type: ApplicationId
                  field_value:
                    ApplicationId:
                      classification_engine_id: 1
                      selector_id: 89
              - 8:
                  field_type: VlanId
                  field_value:
                    DataNumber: 290
              - 9:
                  field_type: IngressInterface
                  field_value:
                    DataNumber: 20
              - 10:
                  field_type: BiflowDirection
                  field_value:
                    DataNumber: 2
              - 11:
                  field_type: CiscoServicesWaasSegment
                  field_value:
                    DataNumber: 16
                  is_enterprise: true
              - 12:
                  field_type: EgressInterface
                  field_value:
                    DataNumber: 0
              - 13:
                  field_type: CiscoServicesWaasPassthroughReason
                  field_value:
                    DataNumber: 0
                  is_enterprise: true
              - 14:
                  field_type: FlowStartSysUpTime
                  field_value:
                    DataNumber: 4019387484
              - 15:
                  field_type: FlowEndSysUpTime
                  field_value:
                    DataNumber: 4019444636
              - 16:
                  field_type: NewConnectionDeltaCount
                  field_value:
                    DataNumber: 0
              - 17:
                  field_type: ConnectionSumDurationSeconds
                  field_value:
                    DataNumber: 0
              - 18:
                  field_type: ResponderOctets
                  field_value:
                    DataNumber: 0
              - 19:
                  field_type: ResponderPackets
                  field_value:
                    DataNumber: 7
              - 20:
                  field_type: InitiatorOctets
                  field_value:
                    DataNumber: 0
              - 21:
                  field_type: InitiatorPackets
                  field_value:
                    DataNumber: 0
              - 0:
                  field_type: CiscoClientIpv4Address
                  field_value:
                    Ip4Addr: 10.208.22.13
                  is_enterprise: true
              - 1:
                  field_type: CiscoServerIpv4Address
                  field_value:
                    Ip4Addr: 10.101.22.251
                  is_enterprise: true
              - 2:
                  field_type: ProtocolIdentifier
                  field_value:
                    ProtocolType: Udp
              - 3:
                  field_type: IpDiffServCodePoint
                  field_value:
                    DataNumber: 4
              - 4:
                  field_type: IpTtl
                  field_value:
                    DataNumber: 61
              - 5:
                  field_type: CiscoServerL4Port
                  field_value:
                    DataNumber: 17654
                  is_enterprise: true
              - 6:
                  field_type: IngressVrfid
                  field_value:
                    DataNumber: 0
              - 7:
                  field_type: ApplicationId
                  field_value:
                    ApplicationId:
                      classification_engine_id: 13
                      selector_id: 1
              - 8:
                  field_type: VlanId
                  field_value:
                    DataNumber: 0
              - 9:
                  field_type: IngressInterface
                  field_value:
                    DataNumber: 1
              - 10:
                  field_type: BiflowDirection
                  field_value:
                    DataNumber: 1
              - 11:
                  field_type: CiscoServicesWaasSegment
                  field_value:
                    DataNumber: 16
                  is_enterprise: true
              - 12:
                  field_type: EgressInterface
                  field_value:
                    DataNumber: 4
              - 13:
                  field_type: CiscoServicesWaasPassthroughReason
                  field_value:
                    DataNumber: 0
                  is_enterprise: true
              - 14:
                  field_type: FlowStartSysUpTime
                  field_value:
                    DataNumber: 4019387486
              - 15:
                  field_type: FlowEndSysUpTime
                  field_value:
                    DataNumber: 4019437338
              - 16:
                  field_type: NewConnectionDeltaCount
                  field_value:
                    DataNumber: 0
              - 17:
                  field_type: ConnectionSumDurationSeconds
                  field_value:
                    DataNumber: 50
              - 18:
                  field_type: ResponderOctets
                  field_value:
                    DataNumber: 0
              - 19:
                  field_type: ResponderPackets
                  field_value:
                    DataNumber: 0
              - 20:
                  field_type: InitiatorOctets
                  field_value:
                    DataNumber: 740
              - 21:
                  field_type: InitiatorPackets
                  field_value:
                    DataNumber: 65
              - 0:
                  field_type: CiscoClientIpv4Address
                  field_value:
                    Ip4Addr: 224.0.0.5
                  is_enterprise: true
              - 1:
                  field_type: CiscoServerIpv4Address
                  field_value:
                    Ip4Addr: 172.31.254.27
                  is_enterprise: true
              - 2:
                  field_type: ProtocolIdentifier
                  field_value:
                    ProtocolType: Ospfigp
              - 3:
                  field_type: IpDiffServCodePoint
                  field_value:
                    DataNumber: 48
              - 4:
                  field_type: IpTtl
                  field_value:
                    DataNumber: 1
              - 5:
                  field_type: CiscoServerL4Port
                  field_value:
                    DataNumber: 0
                  is_enterprise: true
              - 6:
                  field_type: IngressVrfid
                  field_value:
                    DataNumber: 0
              - 7:
                  field_type: ApplicationId
                  field_value:
                    ApplicationId:
                      classification_engine_id: 1
                      selector_id: 89
              - 8:
                  field_type: VlanId
                  field_value:
                    DataNumber: 0
              - 9:
                  field_type: IngressInterface
                  field_value:
                    DataNumber: 1
              - 10:
                  field_type: BiflowDirection
                  field_value:
                    DataNumber: 2
              - 11:
                  field_type: CiscoServicesWaasSegment
                  field_value:
                    DataNumber: 16
                  is_enterprise: true
              - 12:
                  field_type: EgressInterface
                  field_value:
                    DataNumber: 0
              - 13:
                  field_type: CiscoServicesWaasPassthroughReason
                  field_value:
                    DataNumber: 0
                  is_enterprise: true
              - 14:
                  field_type: FlowStartSysUpTime
                  field_value:
                    DataNumber: 4019387494
              - 15:
                  field_type: FlowEndSysUpTime
                  field_value:
                    DataNumber: 4019443438
              - 16:
                  field_type: NewConnectionDeltaCount
                  field_value:
                    DataNumber: 0
              - 17:
                  field_type: ConnectionSumDurationSeconds
                  field_value:
                    DataNumber: 0
              - 18:
                  field_type: ResponderOctets
                  field_value:
                    DataNumber: 0
              - 19:
                  field_type: ResponderPackets
                  field_value:
                    DataNumber: 7
              - 20:
                  field_type: InitiatorOctets
                  field_value:
                    DataNumber: 0
              - 21:
                  field_type: InitiatorPackets
                  field_value:
                    DataNumber: 0
              - 0:
                  field_type: CiscoClientIpv4Address
                  field_value:
                    Ip4Addr: 10.100.102.116
                  is_enterprise: true
              - 1:
                  field_type: CiscoServerIpv4Address
                  field_value:
                    Ip4Addr: 10.205.151.9
                  is_enterprise: true
              - 2:
                  field_type: ProtocolIdentifier
                  field_value:
                    ProtocolType: Udp
              - 3:
                  field_type: IpDiffServCodePoint
                  field_value:
                    DataNumber: 0
              - 4:
                  field_type: IpTtl
                  field_value:
                    DataNumber: 125
              - 5:
                  field_type: CiscoServerL4Port
                  field_value:
                    DataNumber: 3389
                  is_enterprise: true
              - 6:
                  field_type: IngressVrfid
                  field_value:
                    DataNumber: 0
              - 7:
                  field_type: ApplicationId
                  field_value:
                    ApplicationId:
                      classification_engine_id: 13
                      selector_id: 1
              - 8:
                  field_type: VlanId
                  field_value:
                    DataNumber: 290
              - 9:
                  field_type: IngressInterface
                  field_value:
                    DataNumber: 20
              - 10:
                  field_type: BiflowDirection
                  field_value:
                    DataNumber: 2
              - 11:
                  field_type: CiscoServicesWaasSegment
                  field_value:
                    DataNumber: 16
                  is_enterprise: true
              - 12:
                  field_type: EgressInterface
                  field_value:
                    DataNumber: 17
              - 13:
                  field_type: CiscoServicesWaasPassthroughReason
                  field_value:
                    DataNumber: 0
                  is_enterprise: true
              - 14:
                  field_type: FlowStartSysUpTime
                  field_value:
                    DataNumber: 4019387564
              - 15:
                  field_type: FlowEndSysUpTime
                  field_value:
                    DataNumber: 4019438730
              - 16:
                  field_type: NewConnectionDeltaCount
                  field_value:
                    DataNumber: 0
              - 17:
                  field_type: ConnectionSumDurationSeconds
                  field_value:
                    DataNumber: 239
              - 18:
                  field_type: ResponderOctets
                  field_value:
                    DataNumber: 225
              - 19:
                  field_type: ResponderPackets
                  field_value:
                    DataNumber: 8
              - 20:
                  field_type: InitiatorOctets
                  field_value:
                    DataNumber: 96
              - 21:
                  field_type: InitiatorPackets
                  field_value:
                    DataNumber: 8
              - 0:
                  field_type: CiscoClientIpv4Address
                  field_value:
                    Ip4Addr: 10.208.22.124
                  is_enterprise: true
              - 1:
                  field_type: CiscoServerIpv4Address
                  field_value:
                    Ip4Addr: 10.101.22.251
                  is_enterprise: true
              - 2:
                  field_type: ProtocolIdentifier
                  field_value:
                    ProtocolType: Udp
              - 3:
                  field_type: IpDiffServCodePoint
                  field_value:
                    DataNumber: 4
              - 4:
                  field_type: IpTtl
                  field_value:
                    DataNumber: 61
              - 5:
                  field_type: CiscoServerL4Port
                  field_value:
                    DataNumber: 17654
                  is_enterprise: true
              - 6:
                  field_type: IngressVrfid
                  field_value:
                    DataNumber: 0
              - 7:
                  field_type: ApplicationId
                  field_value:
                    ApplicationId:
                      classification_engine_id: 13
                      selector_id: 1
              - 8:
                  field_type: VlanId
                  field_value:
                    DataNumber: 0
              - 9:
                  field_type: IngressInterface
                  field_value:
                    DataNumber: 1
              - 10:
                  field_type: BiflowDirection
                  field_value:
                    DataNumber: 1
              - 11:
                  field_type: CiscoServicesWaasSegment
                  field_value:
                    DataNumber: 16
                  is_enterprise: true
              - 12:
                  field_type: EgressInterface
                  field_value:
                    DataNumber: 4
              - 13:
                  field_type: CiscoServicesWaasPassthroughReason
                  field_value:
                    DataNumber: 0
                  is_enterprise: true
              - 14:
                  field_type: FlowStartSysUpTime
                  field_value:
                    DataNumber: 4019387592
              - 15:
                  field_type: FlowEndSysUpTime
                  field_value:
                    DataNumber: 4019437466
              - 16:
                  field_type: NewConnectionDeltaCount
                  field_value:
                    DataNumber: 0
              - 17:
                  field_type: ConnectionSumDurationSeconds
                  field_value:
                    DataNumber: 59
              - 18:
                  field_type: ResponderOctets
                  field_value:
                    DataNumber: 0
              - 19:
                  field_type: ResponderPackets
                  field_value:
                    DataNumber: 0
              - 20:
                  field_type: InitiatorOctets
                  field_value:
                    DataNumber: 96
              - 21:
                  field_type: InitiatorPackets
                  field_value:
                    DataNumber: 6
              - 0:
                  field_type: CiscoClientIpv4Address
                  field_value:
                    Ip4Addr: 172.31.254.101
                  is_enterprise: true
              - 1:
                  field_type: CiscoServerIpv4Address
                  field_value:
                    Ip4Addr: 172.31.254.1
                  is_enterprise: true
              - 2:
                  field_type: ProtocolIdentifier
                  field_value:
                    ProtocolType: Udp
              - 3:
                  field_type: IpDiffServCodePoint
                  field_value:
                    DataNumber: 48
              - 4:
                  field_type: IpTtl
                  field_value:
                    DataNumber: 255
              - 5:
                  field_type: CiscoServerL4Port
                  field_value:
                    DataNumber: 3784
                  is_enterprise: true
              - 6:
                  field_type: IngressVrfid
                  field_value:
                    DataNumber: 0
              - 7:
                  field_type: ApplicationId
                  field_value:
                    ApplicationId:
                      classification_engine_id: 13
                      selector_id: 1
              - 8:
                  field_type: VlanId
                  field_value:
                    DataNumber: 0
              - 9:
                  field_type: IngressInterface
                  field_value:
                    DataNumber: 0
              - 10:
                  field_type: BiflowDirection
                  field_value:
                    DataNumber: 1
              - 11:
                  field_type: CiscoServicesWaasSegment
                  field_value:
                    DataNumber: 16
                  is_enterprise: true
              - 12:
                  field_type: EgressInterface
                  field_value:
                    DataNumber: 1
              - 13:
                  field_type: CiscoServicesWaasPassthroughReason
                  field_value:
                    DataNumber: 0
                  is_enterprise: true
              - 14:
                  field_type: FlowStartSysUpTime
                  field_value:
                    DataNumber: 4019387628
              - 15:
                  field_type: FlowEndSysUpTime
                  field_value:
                    DataNumber: 4019445566
              - 16:
                  field_type: NewConnectionDeltaCount
                  field_value:
                    DataNumber: 0
              - 17:
                  field_type: ConnectionSumDurationSeconds
                  field_value:
                    DataNumber: 60
              - 18:
                  field_type: ResponderOctets
                  field_value:
                    DataNumber: 0
              - 19:
                  field_type: ResponderPackets
                  field_value:
                    DataNumber: 0
              - 20:
                  field_type: InitiatorOctets
                  field_value:
                    DataNumber: 552
              - 21:
                  field_type: InitiatorPackets
                  field_value:
                    DataNumber: 23
              - 0:
                  field_type: CiscoClientIpv4Address
                  field_value:
                    Ip4Addr: 10.1.22.47
                  is_enterprise: true
              - 1:
                  field_type: CiscoServerIpv4Address
                  field_value:
                    Ip4Addr: 10.101.22.251
                  is_enterprise: true
              - 2:
                  field_type: ProtocolIdentifier
                  field_value:
                    ProtocolType: Udp
              - 3:
                  field_type: IpDiffServCodePoint
                  field_value:
                    DataNumber: 8
              - 4:
                  field_type: IpTtl
                  field_value:
                    DataNumber: 61
              - 5:
                  field_type: CiscoServerL4Port
                  field_value:
                    DataNumber: 17654
                  is_enterprise: true
              - 6:
                  field_type: IngressVrfid
                  field_value:
                    DataNumber: 0
              - 7:
                  field_type: ApplicationId
                  field_value:
                    ApplicationId:
                      classification_engine_id: 13
                      selector_id: 1
              - 8:
                  field_type: VlanId
                  field_value:
                    DataNumber: 0
              - 9:
                  field_type: IngressInterface
                  field_value:
                    DataNumber: 1
              - 10:
                  field_type: BiflowDirection
                  field_value:
                    DataNumber: 1
              - 11:
                  field_type: CiscoServicesWaasSegment
                  field_value:
                    DataNumber: 16
                  is_enterprise: true
              - 12:
                  field_type: EgressInterface
                  field_value:
                    DataNumber: 4
              - 13:
                  field_type: CiscoServicesWaasPassthroughReason
                  field_value:
                    DataNumber: 0
                  is_enterprise: true
              - 14:
                  field_type: FlowStartSysUpTime
                  field_value:
                    DataNumber: 4019387640
              - 15:
                  field_type: FlowEndSysUpTime
                  field_value:
                    DataNumber: 4019437582
              - 16:
                  field_type: NewConnectionDeltaCount
                  field_value:
                    DataNumber: 0
              - 17:
                  field_type: ConnectionSumDurationSeconds
                  field_value:
                    DataNumber: 50
              - 18:
                  field_type: ResponderOctets
                  field_value:
                    DataNumber: 0
              - 19:
                  field_type: ResponderPackets
                  field_value:
                    DataNumber: 0
              - 20:
                  field_type: InitiatorOctets
                  field_value:
                    DataNumber: 772
              - 21:
                  field_type: InitiatorPackets
                  field_value:
                    DataNumber: 67
              - 0:
                  field_type: CiscoClientIpv4Address
                  field_value:
                    Ip4Addr: 10.101.10.12
                  is_enterprise: true
              - 1:
                  field_type: CiscoServerIpv4Address
                  field_value:
                    Ip4Addr: 10.0.151.179
                  is_enterprise: true
              - 2:
                  field_type: ProtocolIdentifier
                  field_value:
                    ProtocolType: Icmp
              - 3:
                  field_type: IpDiffServCodePoint
                  field_value:
                    DataNumber: 0
              - 4:
                  field_type: IpTtl
                  field_value:
                    DataNumber: 60
              - 5:
                  field_type: CiscoServerL4Port
                  field_value:
                    DataNumber: 0
                  is_enterprise: true
              - 6:
                  field_type: IngressVrfid
                  field_value:
                    DataNumber: 0
              - 7:
                  field_type: ApplicationId
                  field_value:
                    ApplicationId:
                      classification_engine_id: 13
                      selector_id: 479
              - 8:
                  field_type: VlanId
                  field_value:
                    DataNumber: 0
              - 9:
                  field_type: IngressInterface
                  field_value:
                    DataNumber: 1
              - 10:
                  field_type: BiflowDirection
                  field_value:
                    DataNumber: 2
              - 11:
                  field_type: CiscoServicesWaasSegment
                  field_value:
                    DataNumber: 16
                  is_enterprise: true
              - 12:
                  field_type: EgressInterface
                  field_value:
                    DataNumber: 4
              - 13:
                  field_type: CiscoServicesWaasPassthroughReason
                  field_value:
                    DataNumber: 0
                  is_enterprise: true
              - 14:
                  field_type: FlowStartSysUpTime
                  field_value:
                    DataNumber: 4019387662
              - 15:
                  field_type: FlowEndSysUpTime
                  field_value:
                    DataNumber: 4019446322
              - 16:
                  field_type: NewConnectionDeltaCount
                  field_value:
                    DataNumber: 0
              - 17:
                  field_type: ConnectionSumDurationSeconds
                  field_value:
                    DataNumber: 0
              - 18:
                  field_type: ResponderOctets
                  field_value:
                    DataNumber: 0
              - 19:
                  field_type: ResponderPackets
                  field_value:
                    DataNumber: 19
              - 20:
                  field_type: InitiatorOctets
                  field_value:
                    DataNumber: 0
              - 21:
                  field_type: InitiatorPackets
                  field_value:
                    DataNumber: 0
              - 0:
                  field_type: CiscoClientIpv4Address
                  field_value:
                    Ip4Addr: 172.31.255.1
                  is_enterprise: true
              - 1:
                  field_type: CiscoServerIpv4Address
                  field_value:
                    Ip4Addr: 172.31.254.101
                  is_enterprise: true
              - 2:
                  field_type: ProtocolIdentifier
                  field_value:
                    ProtocolType: Udp
              - 3:
                  field_type: IpDiffServCodePoint
                  field_value:
                    DataNumber: 0
              - 4:
                  field_type: IpTtl
                  field_value:
                    DataNumber: 255
              - 5:
                  field_type: CiscoServerL4Port
                  field_value:
                    DataNumber: 3784
                  is_enterprise: true
              - 6:
                  field_type: IngressVrfid
                  field_value:
                    DataNumber: 0
              - 7:
                  field_type: ApplicationId
                  field_value:
                    ApplicationId:
                      classification_engine_id: 13
                      selector_id: 1
              - 8:
                  field_type: VlanId
                  field_value:
                    DataNumber: 0
              - 9:
                  field_type: IngressInterface
                  field_value:
                    DataNumber: 1
              - 10:
                  field_type: BiflowDirection
                  field_value:
                    DataNumber: 1
              - 11:
                  field_type: CiscoServicesWaasSegment
                  field_value:
                    DataNumber: 16
                  is_enterprise: true
              - 12:
                  field_type: EgressInterface
                  field_value:
                    DataNumber: 0
              - 13:
                  field_type: CiscoServicesWaasPassthroughReason
                  field_value:
                    DataNumber: 0
                  is_enterprise: true
              - 14:
                  field_type: FlowStartSysUpTime
                  field_value:
                    DataNumber: 4019387700
              - 15:
                  field_type: FlowEndSysUpTime
                  field_value:
                    DataNumber: 4019446700
              - 16:
                  field_type: NewConnectionDeltaCount
                  field_value:
                    DataNumber: 0
              - 17:
                  field_type: ConnectionSumDurationSeconds
                  field_value:
                    DataNumber: 59
              - 18:
                  field_type: ResponderOctets
                  field_value:
                    DataNumber: 0
              - 19:
                  field_type: ResponderPackets
                  field_value:
                    DataNumber: 0
              - 20:
                  field_type: InitiatorOctets
                  field_value:
                    DataNumber: 1632
              - 21:
                  field_type: InitiatorPackets
                  field_value:
                    DataNumber: 68
