---
source: src/tests.rs
expression: parser.parse_bytes(&packet).packets
---
- V9:
    header:
      version: 9
      count: 1
      sys_up_time: 2
      unix_secs: 1670411251
      sequence_number: 2
      source_id: 1
    flowsets:
      - header:
          flowset_id: 258
          length: 132
        body:
          NoTemplate:
            template_id: 258
            raw_data:
              - 0
              - 0
              - 0
              - 0
              - 0
              - 0
              - 0
              - 0
              - 0
              - 0
              - 0
              - 0
              - 0
              - 0
              - 0
              - 0
              - 0
              - 0
              - 0
              - 0
              - 0
              - 0
              - 0
              - 0
              - 0
              - 0
              - 0
              - 0
              - 0
              - 0
              - 0
              - 0
              - 0
              - 0
              - 0
              - 0
              - 0
              - 0
              - 0
              - 0
              - 0
              - 0
              - 0
              - 0
              - 0
              - 0
              - 0
              - 0
              - 0
              - 0
              - 0
              - 0
              - 0
              - 0
              - 0
              - 0
              - 0
              - 0
              - 0
              - 0
              - 0
              - 0
              - 0
              - 0
              - 0
              - 0
              - 0
              - 0
              - 0
              - 0
              - 0
              - 0
              - 0
              - 0
              - 0
              - 0
              - 0
              - 0
              - 0
              - 0
              - 0
              - 0
              - 0
              - 0
              - 0
              - 0
              - 0
              - 0
              - 0
              - 0
              - 0
              - 0
              - 0
              - 0
              - 0
              - 0
              - 0
              - 0
              - 0
              - 0
              - 0
              - 0
              - 0
              - 0
              - 0
              - 0
              - 0
              - 0
              - 0
              - 0
              - 0
              - 0
              - 0
              - 0
              - 0
              - 0
              - 0
              - 0
              - 0
              - 0
              - 0
              - 0
              - 0
              - 0
              - 0
              - 0
              - 0
              - 0
            truncated: false
