---
source: src/tests.rs
expression: result
---
- IPFix:
    header:
      version: 10
      length: 116
      export_time: 1480450135
      sequence_number: 3791
      observation_domain_id: 0
    flowsets:
      - header:
          header_id: 2
          length: 100
        body:
          Template:
            template_id: 307
            field_count: 23
            fields:
              - field_type_number: 8
                field_type: SourceIpv4address
                field_length: 4
              - field_type_number: 12
                field_type: DestinationIpv4address
                field_length: 4
              - field_type_number: 5
                field_type: IpClassOfService
                field_length: 1
              - field_type_number: 4
                field_type: ProtocolIdentifier
                field_length: 1
              - field_type_number: 7
                field_type: SourceTransportPort
                field_length: 2
              - field_type_number: 11
                field_type: DestinationTransportPort
                field_length: 2
              - field_type_number: 32
                field_type: IcmpTypeCodeIpv4
                field_length: 2
              - field_type_number: 10
                field_type: IngressInterface
                field_length: 4
              - field_type_number: 16
                field_type: BgpSourceAsNumber
                field_length: 4
              - field_type_number: 17
                field_type: BgpDestinationAsNumber
                field_length: 4
              - field_type_number: 18
                field_type: BgpNextHopIpv4address
                field_length: 4
              - field_type_number: 14
                field_type: EgressInterface
                field_length: 4
              - field_type_number: 1
                field_type: OctetDeltaCount
                field_length: 4
              - field_type_number: 2
                field_type: PacketDeltaCount
                field_length: 4
              - field_type_number: 22
                field_type: FlowStartSysUpTime
                field_length: 4
              - field_type_number: 21
                field_type: FlowEndSysUpTime
                field_length: 4
              - field_type_number: 15
                field_type: IpNextHopIpv4address
                field_length: 4
              - field_type_number: 9
                field_type: SourceIpv4prefixLength
                field_length: 1
              - field_type_number: 13
                field_type: DestinationIpv4prefixLength
                field_length: 1
              - field_type_number: 6
                field_type: TcpControlBits
                field_length: 1
              - field_type_number: 60
                field_type: IpVersion
                field_length: 1
              - field_type_number: 152
                field_type: FlowStartMilliseconds
                field_length: 8
              - field_type_number: 153
                field_type: FlowEndMilliseconds
                field_length: 8
- IPFix:
    header:
      version: 10
      length: 96
      export_time: 1480450137
      sequence_number: 3812
      observation_domain_id: 0
    flowsets:
      - header:
          header_id: 307
          length: 80
        body:
          Data:
            fields:
              - 0:
                  field_type: SourceIpv4address
                  field_value:
                    Ip4Addr: 70.1.115.1
              - 1:
                  field_type: DestinationIpv4address
                  field_value:
                    Ip4Addr: 50.0.71.1
              - 2:
                  field_type: IpClassOfService
                  field_value:
                    DataNumber: 0
              - 3:
                  field_type: ProtocolIdentifier
                  field_value:
                    ProtocolType: Anydistributedprotocol
              - 4:
                  field_type: SourceTransportPort
                  field_value:
                    DataNumber: 0
              - 5:
                  field_type: DestinationTransportPort
                  field_value:
                    DataNumber: 0
              - 6:
                  field_type: IcmpTypeCodeIpv4
                  field_value:
                    DataNumber: 0
              - 7:
                  field_type: IngressInterface
                  field_value:
                    DataNumber: 827
              - 8:
                  field_type: BgpSourceAsNumber
                  field_value:
                    DataNumber: 2
              - 9:
                  field_type: BgpDestinationAsNumber
                  field_value:
                    DataNumber: 3
              - 10:
                  field_type: BgpNextHopIpv4address
                  field_value:
                    Ip4Addr: 204.42.110.101
              - 11:
                  field_type: EgressInterface
                  field_value:
                    DataNumber: 854
              - 12:
                  field_type: OctetDeltaCount
                  field_value:
                    DataNumber: 1312
              - 13:
                  field_type: PacketDeltaCount
                  field_value:
                    DataNumber: 9
              - 14:
                  field_type: FlowStartSysUpTime
                  field_value:
                    DataNumber: 3019441902
              - 15:
                  field_type: FlowEndSysUpTime
                  field_value:
                    DataNumber: 3019616060
              - 16:
                  field_type: IpNextHopIpv4address
                  field_value:
                    Ip4Addr: 204.42.110.189
              - 17:
                  field_type: SourceIpv4prefixLength
                  field_value:
                    DataNumber: 24
              - 18:
                  field_type: DestinationIpv4prefixLength
                  field_value:
                    DataNumber: 24
              - 19:
                  field_type: TcpControlBits
                  field_value:
                    DataNumber: 0
              - 20:
                  field_type: IpVersion
                  field_value:
                    DataNumber: 4
              - 21:
                  field_type: FlowStartMilliseconds
                  field_value:
                    Duration:
                      secs: 1480449931
                      nanos: 519000000
              - 22:
                  field_type: FlowEndMilliseconds
                  field_value:
                    Duration:
                      secs: 1480450105
                      nanos: 677000000
